Archive member included because of file (symbol)

e:/isystem/winideaopen9/gcc/arm/bin/../lib/gcc/arm-none-eabi/4.9.3/../../../../arm-none-eabi/lib/cortex-m7\libc.a(lib_a-assert.o)
                              C:\Task4_Team4\BaseProject\BaseProject\workspace\Debug\pmc.o (__assert_func)
e:/isystem/winideaopen9/gcc/arm/bin/../lib/gcc/arm-none-eabi/4.9.3/../../../../arm-none-eabi/lib/cortex-m7\libc.a(lib_a-fiprintf.o)
                              e:/isystem/winideaopen9/gcc/arm/bin/../lib/gcc/arm-none-eabi/4.9.3/../../../../arm-none-eabi/lib/cortex-m7\libc.a(lib_a-assert.o) (fiprintf)
e:/isystem/winideaopen9/gcc/arm/bin/../lib/gcc/arm-none-eabi/4.9.3/../../../../arm-none-eabi/lib/cortex-m7\libc.a(lib_a-impure.o)
                              C:\Task4_Team4\BaseProject\BaseProject\workspace\Debug\dbg_console.o (_impure_ptr)
e:/isystem/winideaopen9/gcc/arm/bin/../lib/gcc/arm-none-eabi/4.9.3/../../../../arm-none-eabi/lib/cortex-m7\libc.a(lib_a-memcpy.o)
                              C:\Task4_Team4\BaseProject\BaseProject\workspace\Debug\board_memories.o (memcpy)
e:/isystem/winideaopen9/gcc/arm/bin/../lib/gcc/arm-none-eabi/4.9.3/../../../../arm-none-eabi/lib/cortex-m7\libc.a(lib_a-printf.o)
                              C:\Task4_Team4\BaseProject\BaseProject\workspace\Debug\dbg_console.o (printf)
e:/isystem/winideaopen9/gcc/arm/bin/../lib/gcc/arm-none-eabi/4.9.3/../../../../arm-none-eabi/lib/cortex-m7\libc.a(lib_a-putchar.o)
                              C:\Task4_Team4\BaseProject\BaseProject\workspace\Debug\dbg_console.o (putchar)
e:/isystem/winideaopen9/gcc/arm/bin/../lib/gcc/arm-none-eabi/4.9.3/../../../../arm-none-eabi/lib/cortex-m7\libc.a(lib_a-setvbuf.o)
                              C:\Task4_Team4\BaseProject\BaseProject\workspace\Debug\dbg_console.o (setvbuf)
e:/isystem/winideaopen9/gcc/arm/bin/../lib/gcc/arm-none-eabi/4.9.3/../../../../arm-none-eabi/lib/cortex-m7\libc.a(lib_a-vfiprintf.o)
                              e:/isystem/winideaopen9/gcc/arm/bin/../lib/gcc/arm-none-eabi/4.9.3/../../../../arm-none-eabi/lib/cortex-m7\libc.a(lib_a-fiprintf.o) (_vfiprintf_r)
e:/isystem/winideaopen9/gcc/arm/bin/../lib/gcc/arm-none-eabi/4.9.3/../../../../arm-none-eabi/lib/cortex-m7\libc.a(lib_a-vfprintf.o)
                              e:/isystem/winideaopen9/gcc/arm/bin/../lib/gcc/arm-none-eabi/4.9.3/../../../../arm-none-eabi/lib/cortex-m7\libc.a(lib_a-printf.o) (_vfprintf_r)
e:/isystem/winideaopen9/gcc/arm/bin/../lib/gcc/arm-none-eabi/4.9.3/../../../../arm-none-eabi/lib/cortex-m7\libc.a(lib_a-wsetup.o)
                              e:/isystem/winideaopen9/gcc/arm/bin/../lib/gcc/arm-none-eabi/4.9.3/../../../../arm-none-eabi/lib/cortex-m7\libc.a(lib_a-vfiprintf.o) (__swsetup_r)
e:/isystem/winideaopen9/gcc/arm/bin/../lib/gcc/arm-none-eabi/4.9.3/../../../../arm-none-eabi/lib/cortex-m7\libc.a(lib_a-abort.o)
                              e:/isystem/winideaopen9/gcc/arm/bin/../lib/gcc/arm-none-eabi/4.9.3/../../../../arm-none-eabi/lib/cortex-m7\libc.a(lib_a-assert.o) (abort)
e:/isystem/winideaopen9/gcc/arm/bin/../lib/gcc/arm-none-eabi/4.9.3/../../../../arm-none-eabi/lib/cortex-m7\libc.a(lib_a-dtoa.o)
                              e:/isystem/winideaopen9/gcc/arm/bin/../lib/gcc/arm-none-eabi/4.9.3/../../../../arm-none-eabi/lib/cortex-m7\libc.a(lib_a-vfprintf.o) (_dtoa_r)
e:/isystem/winideaopen9/gcc/arm/bin/../lib/gcc/arm-none-eabi/4.9.3/../../../../arm-none-eabi/lib/cortex-m7\libc.a(lib_a-fflush.o)
                              e:/isystem/winideaopen9/gcc/arm/bin/../lib/gcc/arm-none-eabi/4.9.3/../../../../arm-none-eabi/lib/cortex-m7\libc.a(lib_a-setvbuf.o) (_fflush_r)
e:/isystem/winideaopen9/gcc/arm/bin/../lib/gcc/arm-none-eabi/4.9.3/../../../../arm-none-eabi/lib/cortex-m7\libc.a(lib_a-findfp.o)
                              e:/isystem/winideaopen9/gcc/arm/bin/../lib/gcc/arm-none-eabi/4.9.3/../../../../arm-none-eabi/lib/cortex-m7\libc.a(lib_a-setvbuf.o) (_cleanup_r)
e:/isystem/winideaopen9/gcc/arm/bin/../lib/gcc/arm-none-eabi/4.9.3/../../../../arm-none-eabi/lib/cortex-m7\libc.a(lib_a-fputwc.o)
                              e:/isystem/winideaopen9/gcc/arm/bin/../lib/gcc/arm-none-eabi/4.9.3/../../../../arm-none-eabi/lib/cortex-m7\libc.a(lib_a-vfiprintf.o) (_fputwc_r)
e:/isystem/winideaopen9/gcc/arm/bin/../lib/gcc/arm-none-eabi/4.9.3/../../../../arm-none-eabi/lib/cortex-m7\libc.a(lib_a-freer.o)
                              e:/isystem/winideaopen9/gcc/arm/bin/../lib/gcc/arm-none-eabi/4.9.3/../../../../arm-none-eabi/lib/cortex-m7\libc.a(lib_a-setvbuf.o) (_free_r)
e:/isystem/winideaopen9/gcc/arm/bin/../lib/gcc/arm-none-eabi/4.9.3/../../../../arm-none-eabi/lib/cortex-m7\libc.a(lib_a-fvwrite.o)
                              e:/isystem/winideaopen9/gcc/arm/bin/../lib/gcc/arm-none-eabi/4.9.3/../../../../arm-none-eabi/lib/cortex-m7\libc.a(lib_a-vfiprintf.o) (__sfvwrite_r)
e:/isystem/winideaopen9/gcc/arm/bin/../lib/gcc/arm-none-eabi/4.9.3/../../../../arm-none-eabi/lib/cortex-m7\libc.a(lib_a-fwalk.o)
[...]
Memory Configuration

Name             Origin             Length             Attributes
rom              0x00400000         0x00200000         xr
ram              0x20400000         0x00050000         xrw
ram_heap         0x20450000         0x00010000         xrw
sdram            0x70000000         0x00200000         xrw
*default*        0x00000000         0xffffffff

Linker script and memory map

LOAD C:\Task4_Team4\BaseProject\BaseProject\workspace\Debug\dbg_console.o
LOAD C:\Task4_Team4\BaseProject\BaseProject\workspace\Debug\board_lowlevel.o
LOAD C:\Task4_Team4\BaseProject\BaseProject\workspace\Debug\board_memories.o
LOAD C:\Task4_Team4\BaseProject\BaseProject\workspace\Debug\MemAlloc.o
LOAD C:\Task4_Team4\BaseProject\BaseProject\workspace\Debug\exceptions.o
LOAD C:\Task4_Team4\BaseProject\BaseProject\workspace\Debug\pio.o
LOAD C:\Task4_Team4\BaseProject\BaseProject\workspace\Debug\mpu.o
LOAD C:\Task4_Team4\BaseProject\BaseProject\workspace\Debug\pmc.o
LOAD C:\Task4_Team4\BaseProject\BaseProject\workspace\Debug\uart.o
LOAD C:\Task4_Team4\BaseProject\BaseProject\workspace\Debug\wdt.o
LOAD C:\Task4_Team4\BaseProject\BaseProject\workspace\Debug\pio_it.o
LOAD C:\Task4_Team4\BaseProject\BaseProject\workspace\Debug\supc.o
LOAD C:\Task4_Team4\BaseProject\BaseProject\workspace\Debug\tc.o
LOAD C:\Task4_Team4\BaseProject\BaseProject\workspace\Debug\xdma_hardware_interface.o
LOAD C:\Task4_Team4\BaseProject\BaseProject\workspace\Debug\xdmac.o
LOAD C:\Task4_Team4\BaseProject\BaseProject\workspace\Debug\xdmad.o
LOAD C:\Task4_Team4\BaseProject\BaseProject\workspace\Debug\mcan.o
LOAD C:\Task4_Team4\BaseProject\BaseProject\workspace\Debug\syscalls.o
LOAD C:\Task4_Team4\BaseProject\BaseProject\workspace\Debug\system_sam.o
LOAD C:\Task4_Team4\BaseProject\BaseProject\workspace\Debug\timetick.o
LOAD C:\Task4_Team4\BaseProject\BaseProject\workspace\Debug\app_scheduler.o
LOAD C:\Task4_Team4\BaseProject\BaseProject\workspace\Debug\Tasks.o
LOAD C:\Task4_Team4\BaseProject\BaseProject\workspace\Debug\cannm.o
LOAD C:\Task4_Team4\BaseProject\BaseProject\workspace\Debug\led.o
LOAD C:\Task4_Team4\BaseProject\BaseProject\workspace\Debug\canif.o
LOAD C:\Task4_Team4\BaseProject\BaseProject\workspace\Debug\canif_config.o
LOAD C:\Task4_Team4\BaseProject\BaseProject\workspace\Debug\main.o
LOAD C:\Task4_Team4\BaseProject\BaseProject\workspace\Debug\startup_sam.o
                0x00002000                STACK_SIZE = DEFINED (STACK_SIZE)?STACK_SIZE:0x2000
                0x00001000                HEAP_SIZE = DEFINED (HEAP_SIZE)?HEAP_SIZE:0x1000
                0x00010000                MY_HEAP_SIZE = DEFINED (MY_HEAP_SIZE)?MY_HEAP_SIZE:0x10000

.text           0x00400000     0xa708
                0x00400000                . = ALIGN (0x4)
                0x00400000                _sfixed = .
 *(.vectors .vectors.*)
 .vectors       0x00400000      0x140 C:\Task4_Team4\BaseProject\BaseProject\workspace\Debug\startup_sam.o
                0x00400000                exception_table
 *(.text .text.* .gnu.linkonce.t.*)
 .text          0x00400140      0x56c C:\Task4_Team4\BaseProject\BaseProject\workspace\Debug\dbg_console.o
                0x00400140                DBG_Configure
                0x004001f0                DBG_PutChar
                0x00400244                DBG_GetChar
                0x00400288                DBG_IsRxReady
                0x004002c0                DBG_DumpFrame
                0x00400304                DBG_DumpMemory
                0x00400468                DBG_GetInteger
                0x00400538                DBG_GetIntegerMinMax
                0x00400598                DBG_GetHexa32
                0x00400640                puts
                0x0040066c                gets
 .text          0x004006ac      0x19c C:\Task4_Team4\BaseProject\BaseProject\workspace\Debug\board_lowlevel.o
                0x004006ac                _SetupMemoryRegion
                0x00400838                LowLevelInit
 .text          0x00400848       0xac C:\Task4_Team4\BaseProject\BaseProject\workspace\Debug\MemAlloc.o
                0x00400848                MemAllocInit
                0x00400888                MemAlloc
 .text          0x004008f4       0xe8 C:\Task4_Team4\BaseProject\BaseProject\workspace\Debug\exceptions.o
                0x004008f4                NMI_Handler
                0x0040097c                HardFault_Handler
                0x00400990                MemManage_Handler
                0x004009a8                BusFault_Handler
                0x004009c4                UsageFault_Handler
 .text          0x004009dc      0x540 C:\Task4_Team4\BaseProject\BaseProject\workspace\Debug\pio.o
                0x00400c4c                PIO_Configure
                0x00400db0                PIO_Set
                0x00400dcc                PIO_Clear
                0x00400de8                PIO_Get
                0x00400e30                PIO_GetOutputDataStatus
                0x00400e5c                PIO_SetDebounceFilter
                0x00400e98                PIO_EnableWriteProtect
                0x00400ebc                PIO_DisableWriteProtect
                0x00400ee0                PIO_GetWriteProtectViolationInfo
                0x00400f00                PIO_SetPinType
 .text          0x00400f1c       0xf0 C:\Task4_Team4\BaseProject\BaseProject\workspace\Debug\mpu.o
                0x00400f1c                MPU_Enable
                0x00400f38                MPU_SetRegionNum
                0x00400f54                MPU_DisableRegion
                0x00400f70                MPU_SetRegion
                0x00400f94                MPU_CalMPURegionSize
                0x00400fd4                MPU_UpdateRegions
 .text          0x0040100c      0x76c C:\Task4_Team4\BaseProject\BaseProject\workspace\Debug\pmc.o
                0x004010e0                PMC_EnablePeripheral
                0x00401170                PMC_DisablePeripheral
                0x00401200                PMC_EnableAllPeripherals
                0x00401240                PMC_DisableAllPeripherals
                0x0040127c                PMC_IsPeriphEnabled
                0x004012d8                PMC_EnableExtOsc
                0x00401354                PMC_DisableExtOsc
                0x00401390                PMC_SelectExtOsc
                0x004013fc                PMC_SelectExtBypassOsc
                0x00401468                PMC_EnableIntRC4_8_12MHz
                0x004014f4                PMC_DisableIntRC4_8_12MHz
                0x00401538                PMC_SetPllaClock
                0x00401590                PMC_SetMckSelection
                0x004015d4                PMC_DisableAllClocks
                0x00401624                PMC_ConfigureMckWithPlla
                0x0040165c                PMC_EnableXT32KFME
                0x00401688                PMC_ConfigurePCK0
                0x004016d8                PMC_ConfigurePCK1
                0x00401728                PMC_ConfigurePCK2
 .text          0x00401778       0xa8 C:\Task4_Team4\BaseProject\BaseProject\workspace\Debug\wdt.o
                0x00401778                WDT_Enable
                0x00401794                WDT_Disable
                0x004017b0                WDT_Restart
                0x004017cc                WDT_GetStatus
                0x004017e8                WDT_GetPeriod
 .text          0x00401820      0x4ac C:\Task4_Team4\BaseProject\BaseProject\workspace\Debug\pio_it.o
                0x0040190c                PioInterruptHandler
                0x004019bc                PIOA_Handler
                0x004019d0                PIOB_Handler
                0x004019e4                PIOC_Handler
                0x004019f8                PIOD_Handler
                0x00401a0c                PIOE_Handler
                0x00401a20                PIO_InitializeInterrupts
                0x00401b28                PIO_ConfigureIt
                0x00401c04                PIO_EnableIt
                0x00401c94                PIO_DisableIt
 .text          0x00401ccc      0xc0c C:\Task4_Team4\BaseProject\BaseProject\workspace\Debug\mcan.o
                0x00401dc8                MCAN_Init
                0x00402094                MCAN_InitFdEnable
                0x004020c0                MCAN_InitFdBitRateSwitchEnable
                0x004020ec                MCAN_InitLoopback
                0x0040211c                MCAN_InitTxQueue
                0x00402144                MCAN_Enable
                0x00402168                MCAN_RequestIso11898_1
                0x004021a4                MCAN_RequestFd
                0x004021ec                MCAN_RequestFdBitRateSwitch
                0x00402238                MCAN_LoopbackOn
                0x0040225c                MCAN_LoopbackOff
                0x00402280                MCAN_IEnableMessageStoredToRxDedBuffer
                0x004022e8                MCAN_ConfigTxDedBuffer
                0x00402384                MCAN_SendTxDedBuffer
                0x004023bc                MCAN_AddToTxFifoQ
                0x004024ac                MCAN_IsBufferTxd
                0x004024e0                MCAN_ConfigRxBufferFilter
                0x00402570                MCAN_ConfigRxClassicFilter
                0x0040264c                MCAN_IsNewDataInRxDedBuffer
                0x004026ac                MCAN_GetRxDedBuffer
                0x004027a0                MCAN_GetRxFifoBuffer
 .text          0x004028d8      0x164 C:\Task4_Team4\BaseProject\BaseProject\workspace\Debug\syscalls.o
                0x004028d8                _sbrk
                0x00402918                link
                0x00402934                _close
                0x0040294c                _fstat
                0x0040296c                _isatty
                0x00402984                _lseek
                0x004029a0                _read
                0x004029bc                _write
                0x004029f8                _exit
                0x00402a10                _kill
                0x00402a28                _getpid
 .text          0x00402a3c      0x378 C:\Task4_Team4\BaseProject\BaseProject\workspace\Debug\system_sam.o
                0x00402a3c                SystemInit
                0x00402b48                SystemCoreClockUpdate
                0x00402cb0                system_init_flash
                0x00402d44                sysclk_enable_usb
                0x00402d80                sysclk_disable_usb
 .text          0x00402db4      0x33c C:\Task4_Team4\BaseProject\BaseProject\workspace\Debug\timetick.o
                0x00402e4c                SysTick_Handler
                0x00402ed4                SetTimeEvent
                0x00402ef0                TimeTick_Configure
                0x00402fb0                GetDelayInTicks
                0x00402ffc                GetTicks
                0x00403030                Wait
                0x00403090                Sleep
 .text          0x004030f0      0x260 C:\Task4_Team4\BaseProject\BaseProject\workspace\Debug\app_scheduler.o
                0x004030f0                Scheduler_Handler
                0x0040321c                vfnScheduler_Init
                0x00403294                vfnScheduler_Start
                0x004032b0                vfnScheduler_Stop
                0x004032c8                vfnTask_Scheduler
 .text          0x00403350       0x74 C:\Task4_Team4\BaseProject\BaseProject\workspace\Debug\Tasks.o
                0x00403350                vfnTsk_1ms
                0x0040335c                vfnTsk_2msA
                0x00403368                vfnTsk_2msB
                0x00403374                vfnTsk_10ms
                0x00403380                vfnTsk_50ms
                0x0040338c                vfnTsk_100ms
 .text          0x004033c4      0x168 C:\Task4_Team4\BaseProject\BaseProject\workspace\Debug\led.o
                0x004033c4                LED_Configure
                0x004033fc                LED_Set
                0x00403460                LED_Clear
                0x004034c4                LED_Toggle
 .text          0x0040352c      0x1c8 C:\Task4_Team4\BaseProject\BaseProject\workspace\Debug\canif.o
                0x0040352c                CanIf_Init
                0x00403604                CanIf_Transmit
 .text          0x004036f4      0x174 C:\Task4_Team4\BaseProject\BaseProject\workspace\Debug\main.o
                0x004037e4                main
 .text          0x00403868       0xe0 C:\Task4_Team4\BaseProject\BaseProject\workspace\Debug\startup_sam.o
                0x004038a8                Reset_Handler
                0x00403940                DebugMon_Handler
                0x00403940                UART3_Handler
                0x00403940                UART2_Handler
                0x00403940                TRNG_Handler
                0x00403940                TC2_Handler
                0x00403940                AFEC1_Handler
                0x00403940                PendSV_Handler
                0x00403940                TC7_Handler
                0x00403940                QSPI_Handler
                0x00403940                ISI_Handler
                0x00403940                TC9_Handler
                0x00403940                RSWDT_Handler
                0x00403940                MCAN1_Handler
                0x00403940                USART0_Handler
                0x00403940                RTT_Handler
                0x00403940                USBHS_Handler
                0x00403940                CCF_Handler
                0x00403940                RTC_Handler
                0x00403940                TC6_Handler
                0x00403940                WDT_Handler
                0x00403940                TC4_Handler
                0x00403940                TC1_Handler
                0x00403940                HSMCI_Handler
                0x00403940                UART1_Handler
                0x00403940                DACC_Handler
                0x00403940                TC3_Handler
                0x00403940                Dummy_Handler
                0x00403940                TWIHS1_Handler
                0x00403940                XDMAC_Handler
                0x00403940                UART4_Handler
                0x00403940                PWM1_Handler
                0x00403940                USART1_Handler
                0x00403940                PWM0_Handler
                0x00403940                AFEC0_Handler
                0x00403940                CCW_Handler
                0x00403940                TC11_Handler
                0x00403940                SSC_Handler
                0x00403940                ACC_Handler
                0x00403940                PMC_Handler
                0x00403940                GMAC_Handler
                0x00403940                SUPC_Handler
                0x00403940                SVC_Handler
                0x00403940                TC8_Handler
                0x00403940                GMACQ2_Handler
                0x00403940                EFC_Handler
                0x00403940                USART2_Handler
                0x00403940                SDRAMC_Handler
                0x00403940                SPI1_Handler
                0x00403940                MCAN0_Handler
                0x00403940                TC10_Handler
                0x00403940                TWIHS2_Handler
                0x00403940                MLB_Handler
                0x00403940                UART0_Handler
                0x00403940                GMACQ1_Handler
                0x00403940                MCAN1_Line1_Handler
                0x00403940                FPU_Handler
                0x00403940                RSTC_Handler
                0x00403940                TC0_Handler
                0x00403940                MCAN0_Line1_Handler
                0x00403940                TC5_Handler
                0x00403940                AES_Handler
                0x00403940                ICM_Handler
                0x00403940                TWIHS0_Handler
                0x00403940                SPI0_Handler
 .text.__assert_func
                0x00403948       0x3c e:/isystem/winideaopen9/gcc/arm/bin/../lib/gcc/arm-none-eabi/4.9.3/../../../../arm-none-eabi/lib/cortex-m7\libc.a(lib_a-assert.o)
                0x00403948                __assert_func
 .text.fiprintf
                0x00403984       0x28 e:/isystem/winideaopen9/gcc/arm/bin/../lib/gcc/arm-none-eabi/4.9.3/../../../../arm-none-eabi/lib/cortex-m7\libc.a(lib_a-fiprintf.o)
                0x00403984                fiprintf
 .text          0x004039ac      0x134 e:/isystem/winideaopen9/gcc/arm/bin/../lib/gcc/arm-none-eabi/4.9.3/../../../../arm-none-eabi/lib/cortex-m7\libc.a(lib_a-memcpy.o)
                0x004039ac                memcpy
 .text.printf   0x00403ae0       0x28 e:/isystem/winideaopen9/gcc/arm/bin/../lib/gcc/arm-none-eabi/4.9.3/../../../../arm-none-eabi/lib/cortex-m7\libc.a(lib_a-printf.o)
                0x00403ae0                printf
 .text.putchar  0x00403b08       0x10 e:/isystem/winideaopen9/gcc/arm/bin/../lib/gcc/arm-none-eabi/4.9.3/../../../../arm-none-eabi/lib/cortex-m7\libc.a(lib_a-putchar.o)
                0x00403b08                putchar
 .text.setvbuf  0x00403b18       0xfc e:/isystem/winideaopen9/gcc/arm/bin/../lib/gcc/arm-none-eabi/4.9.3/../../../../arm-none-eabi/lib/cortex-m7\libc.a(lib_a-setvbuf.o)
                0x00403b18                setvbuf
 .text.__sprint_r.part.0
                0x00403c14       0x78 e:/isystem/winideaopen9/gcc/arm/bin/../lib/gcc/arm-none-eabi/4.9.3/../../../../arm-none-eabi/lib/cortex-m7\libc.a(lib_a-vfiprintf.o)
 .text.__sprint_r
                0x00403c8c       0x18 e:/isystem/winideaopen9/gcc/arm/bin/../lib/gcc/arm-none-eabi/4.9.3/../../../../arm-none-eabi/lib/cortex-m7\libc.a(lib_a-vfiprintf.o)
                0x00403c8c                __sprint_r
 .text._vfiprintf_r
                0x00403ca4      0xbf4 e:/isystem/winideaopen9/gcc/arm/bin/../lib/gcc/arm-none-eabi/4.9.3/../../../../arm-none-eabi/lib/cortex-m7\libc.a(lib_a-vfiprintf.o)
                0x00403ca4                _vfiprintf_r
 .text.__sbprintf
                0x00404898       0x80 e:/isystem/winideaopen9/gcc/arm/bin/../lib/gcc/arm-none-eabi/4.9.3/../../../../arm-none-eabi/lib/cortex-m7\libc.a(lib_a-vfiprintf.o)
 .text._vfprintf_r
                0x00404918     0x1554 e:/isystem/winideaopen9/gcc/arm/bin/../lib/gcc/arm-none-eabi/4.9.3/../../../../arm-none-eabi/lib/cortex-m7\libc.a(lib_a-vfprintf.o)
                0x00404918                _vfprintf_r
 .text.__sbprintf
                0x00405e6c       0x80 e:/isystem/winideaopen9/gcc/arm/bin/../lib/gcc/arm-none-eabi/4.9.3/../../../../arm-none-eabi/lib/cortex-m7\libc.a(lib_a-vfprintf.o)
 .text.__swsetup_r
                0x00405eec       0xc4 e:/isystem/winideaopen9/gcc/arm/bin/../lib/gcc/arm-none-eabi/4.9.3/../../../../arm-none-eabi/lib/cortex-m7\libc.a(lib_a-wsetup.o)
                0x00405eec                __swsetup_r
 .text.abort    0x00405fb0       0x10 e:/isystem/winideaopen9/gcc/arm/bin/../lib/gcc/arm-none-eabi/4.9.3/../../../../arm-none-eabi/lib/cortex-m7\libc.a(lib_a-abort.o)
                0x00405fb0                abort
 .text.quorem   0x00405fc0      0x140 e:/isystem/winideaopen9/gcc/arm/bin/../lib/gcc/arm-none-eabi/4.9.3/../../../../arm-none-eabi/lib/cortex-m7\libc.a(lib_a-dtoa.o)
 .text._dtoa_r  0x00406100      0xee8 e:/isystem/winideaopen9/gcc/arm/bin/../lib/gcc/arm-none-eabi/4.9.3/../../../../arm-none-eabi/lib/cortex-m7\libc.a(lib_a-dtoa.o)
                0x00406100                _dtoa_r
 .text.__sflush_r
                0x00406fe8      0x148 e:/isystem/winideaopen9/gcc/arm/bin/../lib/gcc/arm-none-eabi/4.9.3/../../../../arm-none-eabi/lib/cortex-m7\libc.a(lib_a-fflush.o)
                0x00406fe8                __sflush_r
 .text._fflush_r
                0x00407130       0x2c e:/isystem/winideaopen9/gcc/arm/bin/../lib/gcc/arm-none-eabi/4.9.3/../../../../arm-none-eabi/lib/cortex-m7\libc.a(lib_a-fflush.o)
                0x00407130                _fflush_r
 .text._cleanup_r
                0x0040715c        0xc e:/isystem/winideaopen9/gcc/arm/bin/../lib/gcc/arm-none-eabi/4.9.3/../../../../arm-none-eabi/lib/cortex-m7\libc.a(lib_a-findfp.o)
                0x0040715c                _cleanup_r
 .text.__sinit.part.1
                0x00407168       0xfc e:/isystem/winideaopen9/gcc/arm/bin/../lib/gcc/arm-none-eabi/4.9.3/../../../../arm-none-eabi/lib/cortex-m7\libc.a(lib_a-findfp.o)
 .text.__sinit  0x00407264        0xc e:/isystem/winideaopen9/gcc/arm/bin/../lib/gcc/arm-none-eabi/4.9.3/../../../../arm-none-eabi/lib/cortex-m7\libc.a(lib_a-findfp.o)
                0x00407264                __sinit
 .text.__sfp_lock_acquire
                0x00407270        0x4 e:/isystem/winideaopen9/gcc/arm/bin/../lib/gcc/arm-none-eabi/4.9.3/../../../../arm-none-eabi/lib/cortex-m7\libc.a(lib_a-findfp.o)
                0x00407270                __sfp_lock_acquire
 .text.__sfp_lock_release
                0x00407274        0x4 e:/isystem/winideaopen9/gcc/arm/bin/../lib/gcc/arm-none-eabi/4.9.3/../../../../arm-none-eabi/lib/cortex-m7\libc.a(lib_a-findfp.o)
                0x00407274                __sfp_lock_release
 .text.__fputwc
                0x00407278       0xb0 e:/isystem/winideaopen9/gcc/arm/bin/../lib/gcc/arm-none-eabi/4.9.3/../../../../arm-none-eabi/lib/cortex-m7\libc.a(lib_a-fputwc.o)
                0x00407278                __fputwc
 .text._fputwc_r
                0x00407328       0x24 e:/isystem/winideaopen9/gcc/arm/bin/../lib/gcc/arm-none-eabi/4.9.3/../../../../arm-none-eabi/lib/cortex-m7\libc.a(lib_a-fputwc.o)
                0x00407328                _fputwc_r
 .text._malloc_trim_r
                0x0040734c       0x9c e:/isystem/winideaopen9/gcc/arm/bin/../lib/gcc/arm-none-eabi/4.9.3/../../../../arm-none-eabi/lib/cortex-m7\libc.a(lib_a-freer.o)
                0x0040734c                _malloc_trim_r
 .text._free_r  0x004073e8      0x1b0 e:/isystem/winideaopen9/gcc/arm/bin/../lib/gcc/arm-none-eabi/4.9.3/../../../../arm-none-eabi/lib/cortex-m7\libc.a(lib_a-freer.o)
                0x004073e8                _free_r
 .text.__sfvwrite_r
                0x00407598      0x324 e:/isystem/winideaopen9/gcc/arm/bin/../lib/gcc/arm-none-eabi/4.9.3/../../../../arm-none-eabi/lib/cortex-m7\libc.a(lib_a-fvwrite.o)
                0x00407598                __sfvwrite_r
 .text._fwalk_reent
                0x004078bc       0x50 e:/isystem/winideaopen9/gcc/arm/bin/../lib/gcc/arm-none-eabi/4.9.3/../../../../arm-none-eabi/lib/cortex-m7\libc.a(lib_a-fwalk.o)
                0x004078bc                _fwalk_reent
 .text.__locale_charset
                0x0040790c        0x8 e:/isystem/winideaopen9/gcc/arm/bin/../lib/gcc/arm-none-eabi/4.9.3/../../../../arm-none-eabi/lib/cortex-m7\libc.a(lib_a-locale.o)
                0x0040790c                __locale_charset
 .text.__locale_mb_cur_max
                0x00407914        0xc e:/isystem/winideaopen9/gcc/arm/bin/../lib/gcc/arm-none-eabi/4.9.3/../../../../arm-none-eabi/lib/cortex-m7\libc.a(lib_a-locale.o)
                0x00407914                __locale_mb_cur_max
 .text._localeconv_r
                0x00407920        0x8 e:/isystem/winideaopen9/gcc/arm/bin/../lib/gcc/arm-none-eabi/4.9.3/../../../../arm-none-eabi/lib/cortex-m7\libc.a(lib_a-locale.o)
                0x00407920                _localeconv_r
 .text.__smakebuf_r
                0x00407928       0xe4 e:/isystem/winideaopen9/gcc/arm/bin/../lib/gcc/arm-none-eabi/4.9.3/../../../../arm-none-eabi/lib/cortex-m7\libc.a(lib_a-makebuf.o)
                0x00407928                __smakebuf_r
 .text.malloc   0x00407a0c       0x10 e:/isystem/winideaopen9/gcc/arm/bin/../lib/gcc/arm-none-eabi/4.9.3/../../../../arm-none-eabi/lib/cortex-m7\libc.a(lib_a-malloc.o)
                0x00407a0c                malloc
 .text._malloc_r
                0x00407a1c      0x558 e:/isystem/winideaopen9/gcc/arm/bin/../lib/gcc/arm-none-eabi/4.9.3/../../../../arm-none-eabi/lib/cortex-m7\libc.a(lib_a-mallocr.o)
                0x00407a1c                _malloc_r
 .text.memchr   0x00407f74       0x90 e:/isystem/winideaopen9/gcc/arm/bin/../lib/gcc/arm-none-eabi/4.9.3/../../../../arm-none-eabi/lib/cortex-m7\libc.a(lib_a-memchr.o)
                0x00407f74                memchr
 .text.memmove  0x00408004       0xc4 e:/isystem/winideaopen9/gcc/arm/bin/../lib/gcc/arm-none-eabi/4.9.3/../../../../arm-none-eabi/lib/cortex-m7\libc.a(lib_a-memmove.o)
                0x00408004                memmove
 .text.memset   0x004080c8       0xa0 e:/isystem/winideaopen9/gcc/arm/bin/../lib/gcc/arm-none-eabi/4.9.3/../../../../arm-none-eabi/lib/cortex-m7\libc.a(lib_a-memset.o)
                0x004080c8                memset
 .text.__malloc_lock
                0x00408168        0x4 e:/isystem/winideaopen9/gcc/arm/bin/../lib/gcc/arm-none-eabi/4.9.3/../../../../arm-none-eabi/lib/cortex-m7\libc.a(lib_a-mlock.o)
                0x00408168                __malloc_lock
 .text.__malloc_unlock
                0x0040816c        0x4 e:/isystem/winideaopen9/gcc/arm/bin/../lib/gcc/arm-none-eabi/4.9.3/../../../../arm-none-eabi/lib/cortex-m7\libc.a(lib_a-mlock.o)
                0x0040816c                __malloc_unlock
 .text._Balloc  0x00408170       0x50 e:/isystem/winideaopen9/gcc/arm/bin/../lib/gcc/arm-none-eabi/4.9.3/../../../../arm-none-eabi/lib/cortex-m7\libc.a(lib_a-mprec.o)
                0x00408170                _Balloc
 .text._Bfree   0x004081c0       0x14 e:/isystem/winideaopen9/gcc/arm/bin/../lib/gcc/arm-none-eabi/4.9.3/../../../../arm-none-eabi/lib/cortex-m7\libc.a(lib_a-mprec.o)
                0x004081c0                _Bfree
 .text.__multadd
                0x004081d4       0x84 e:/isystem/winideaopen9/gcc/arm/bin/../lib/gcc/arm-none-eabi/4.9.3/../../../../arm-none-eabi/lib/cortex-m7\libc.a(lib_a-mprec.o)
                0x004081d4                __multadd
 .text.__hi0bits
                0x00408258       0x44 e:/isystem/winideaopen9/gcc/arm/bin/../lib/gcc/arm-none-eabi/4.9.3/../../../../arm-none-eabi/lib/cortex-m7\libc.a(lib_a-mprec.o)
                0x00408258                __hi0bits
 .text.__lo0bits
                0x0040829c       0x64 e:/isystem/winideaopen9/gcc/arm/bin/../lib/gcc/arm-none-eabi/4.9.3/../../../../arm-none-eabi/lib/cortex-m7\libc.a(lib_a-mprec.o)
                0x0040829c                __lo0bits
 .text.__i2b    0x00408300       0x14 e:/isystem/winideaopen9/gcc/arm/bin/../lib/gcc/arm-none-eabi/4.9.3/../../../../arm-none-eabi/lib/cortex-m7\libc.a(lib_a-mprec.o)
                0x00408300                __i2b
 .text.__multiply
                0x00408314      0x144 e:/isystem/winideaopen9/gcc/arm/bin/../lib/gcc/arm-none-eabi/4.9.3/../../../../arm-none-eabi/lib/cortex-m7\libc.a(lib_a-mprec.o)
                0x00408314                __multiply
 .text.__pow5mult
                0x00408458       0xa0 e:/isystem/winideaopen9/gcc/arm/bin/../lib/gcc/arm-none-eabi/4.9.3/../../../../arm-none-eabi/lib/cortex-m7\libc.a(lib_a-mprec.o)
                0x00408458                __pow5mult
 .text.__lshift
                0x004084f8       0xb4 e:/isystem/winideaopen9/gcc/arm/bin/../lib/gcc/arm-none-eabi/4.9.3/../../../../arm-none-eabi/lib/cortex-m7\libc.a(lib_a-mprec.o)
                0x004084f8                __lshift
 .text.__mcmp   0x004085ac       0x48 e:/isystem/winideaopen9/gcc/arm/bin/../lib/gcc/arm-none-eabi/4.9.3/../../../../arm-none-eabi/lib/cortex-m7\libc.a(lib_a-mprec.o)
                0x004085ac                __mcmp
 .text.__mdiff  0x004085f4       0xe4 e:/isystem/winideaopen9/gcc/arm/bin/../lib/gcc/arm-none-eabi/4.9.3/../../../../arm-none-eabi/lib/cortex-m7\libc.a(lib_a-mprec.o)
                0x004085f4                __mdiff
 .text.__d2b    0x004086d8       0xb0 e:/isystem/winideaopen9/gcc/arm/bin/../lib/gcc/arm-none-eabi/4.9.3/../../../../arm-none-eabi/lib/cortex-m7\libc.a(lib_a-mprec.o)
                0x004086d8                __d2b
 .text._putc_r  0x00408788       0x58 e:/isystem/winideaopen9/gcc/arm/bin/../lib/gcc/arm-none-eabi/4.9.3/../../../../arm-none-eabi/lib/cortex-m7\libc.a(lib_a-putc.o)
                0x00408788                _putc_r
 .text._realloc_r
                0x004087e0      0x3f0 e:/isystem/winideaopen9/gcc/arm/bin/../lib/gcc/arm-none-eabi/4.9.3/../../../../arm-none-eabi/lib/cortex-m7\libc.a(lib_a-reallocr.o)
                0x004087e0                _realloc_r
 .text.__fpclassifyd
                0x00408bd0       0x44 e:/isystem/winideaopen9/gcc/arm/bin/../lib/gcc/arm-none-eabi/4.9.3/../../../../arm-none-eabi/lib/cortex-m7\libc.a(lib_a-s_fpclassify.o)
                0x00408bd0                __fpclassifyd
 .text._sbrk_r  0x00408c14       0x24 e:/isystem/winideaopen9/gcc/arm/bin/../lib/gcc/arm-none-eabi/4.9.3/../../../../arm-none-eabi/lib/cortex-m7\libc.a(lib_a-sbrkr.o)
                0x00408c14                _sbrk_r
 .text._raise_r
                0x00408c38       0x58 e:/isystem/winideaopen9/gcc/arm/bin/../lib/gcc/arm-none-eabi/4.9.3/../../../../arm-none-eabi/lib/cortex-m7\libc.a(lib_a-signal.o)
                0x00408c38                _raise_r
 .text.raise    0x00408c90       0x10 e:/isystem/winideaopen9/gcc/arm/bin/../lib/gcc/arm-none-eabi/4.9.3/../../../../arm-none-eabi/lib/cortex-m7\libc.a(lib_a-signal.o)
                0x00408c90                raise
 .text._kill_r  0x00408ca0       0x28 e:/isystem/winideaopen9/gcc/arm/bin/../lib/gcc/arm-none-eabi/4.9.3/../../../../arm-none-eabi/lib/cortex-m7\libc.a(lib_a-signalr.o)
                0x00408ca0                _kill_r
 .text._getpid_r
                0x00408cc8        0x4 e:/isystem/winideaopen9/gcc/arm/bin/../lib/gcc/arm-none-eabi/4.9.3/../../../../arm-none-eabi/lib/cortex-m7\libc.a(lib_a-signalr.o)
                0x00408cc8                _getpid_r
 .text.__sread  0x00408ccc       0x24 e:/isystem/winideaopen9/gcc/arm/bin/../lib/gcc/arm-none-eabi/4.9.3/../../../../arm-none-eabi/lib/cortex-m7\libc.a(lib_a-stdio.o)
                0x00408ccc                __sread
 .text.__swrite
                0x00408cf0       0x38 e:/isystem/winideaopen9/gcc/arm/bin/../lib/gcc/arm-none-eabi/4.9.3/../../../../arm-none-eabi/lib/cortex-m7\libc.a(lib_a-stdio.o)
                0x00408cf0                __swrite
 .text.__sseek  0x00408d28       0x24 e:/isystem/winideaopen9/gcc/arm/bin/../lib/gcc/arm-none-eabi/4.9.3/../../../../arm-none-eabi/lib/cortex-m7\libc.a(lib_a-stdio.o)
                0x00408d28                __sseek
 .text.__sclose
                0x00408d4c        0x8 e:/isystem/winideaopen9/gcc/arm/bin/../lib/gcc/arm-none-eabi/4.9.3/../../../../arm-none-eabi/lib/cortex-m7\libc.a(lib_a-stdio.o)
                0x00408d4c                __sclose
 .text.strlen   0x00408d54       0x5c e:/isystem/winideaopen9/gcc/arm/bin/../lib/gcc/arm-none-eabi/4.9.3/../../../../arm-none-eabi/lib/cortex-m7\libc.a(lib_a-strlen.o)
                0x00408d54                strlen
 .text.__swbuf_r
                0x00408db0       0xa8 e:/isystem/winideaopen9/gcc/arm/bin/../lib/gcc/arm-none-eabi/4.9.3/../../../../arm-none-eabi/lib/cortex-m7\libc.a(lib_a-wbuf.o)
                0x00408db0                __swbuf_r
 .text._wcrtomb_r
                0x00408e58       0x54 e:/isystem/winideaopen9/gcc/arm/bin/../lib/gcc/arm-none-eabi/4.9.3/../../../../arm-none-eabi/lib/cortex-m7\libc.a(lib_a-wcrtomb.o)
                0x00408e58                _wcrtomb_r
 .text.__ascii_wctomb
                0x00408eac       0x18 e:/isystem/winideaopen9/gcc/arm/bin/../lib/gcc/arm-none-eabi/4.9.3/../../../../arm-none-eabi/lib/cortex-m7\libc.a(lib_a-wctomb_r.o)
                0x00408eac                __ascii_wctomb
 .text._write_r
                0x00408ec4       0x28 e:/isystem/winideaopen9/gcc/arm/bin/../lib/gcc/arm-none-eabi/4.9.3/../../../../arm-none-eabi/lib/cortex-m7\libc.a(lib_a-writer.o)
                0x00408ec4                _write_r
 .text._calloc_r
                0x00408eec       0x60 e:/isystem/winideaopen9/gcc/arm/bin/../lib/gcc/arm-none-eabi/4.9.3/../../../../arm-none-eabi/lib/cortex-m7\libc.a(lib_a-callocr.o)
                0x00408eec                _calloc_r
 .text._close_r
                0x00408f4c       0x24 e:/isystem/winideaopen9/gcc/arm/bin/../lib/gcc/arm-none-eabi/4.9.3/../../../../arm-none-eabi/lib/cortex-m7\libc.a(lib_a-closer.o)
                0x00408f4c                _close_r
 .text._fclose_r
                0x00408f70       0x84 e:/isystem/winideaopen9/gcc/arm/bin/../lib/gcc/arm-none-eabi/4.9.3/../../../../arm-none-eabi/lib/cortex-m7\libc.a(lib_a-fclose.o)
                0x00408f70                _fclose_r
 .text._fstat_r
                0x00408ff4       0x28 e:/isystem/winideaopen9/gcc/arm/bin/../lib/gcc/arm-none-eabi/4.9.3/../../../../arm-none-eabi/lib/cortex-m7\libc.a(lib_a-fstatr.o)
                0x00408ff4                _fstat_r
 .text._isatty_r
                0x0040901c       0x24 e:/isystem/winideaopen9/gcc/arm/bin/../lib/gcc/arm-none-eabi/4.9.3/../../../../arm-none-eabi/lib/cortex-m7\libc.a(lib_a-isattyr.o)
                0x0040901c                _isatty_r
 .text._lseek_r
                0x00409040       0x28 e:/isystem/winideaopen9/gcc/arm/bin/../lib/gcc/arm-none-eabi/4.9.3/../../../../arm-none-eabi/lib/cortex-m7\libc.a(lib_a-lseekr.o)
                0x00409040                _lseek_r
 .text._read_r  0x00409068       0x28 e:/isystem/winideaopen9/gcc/arm/bin/../lib/gcc/arm-none-eabi/4.9.3/../../../../arm-none-eabi/lib/cortex-m7\libc.a(lib_a-readr.o)
                0x00409068                _read_r
 .text          0x00409090      0x370 e:/isystem/winideaopen9/gcc/arm/bin/../lib/gcc/arm-none-eabi/4.9.3/cortex-m7\libgcc.a(_arm_addsubdf3.o)
                0x00409090                __aeabi_drsub
                0x00409098                __aeabi_dsub
                0x00409098                __subdf3
                0x0040909c                __aeabi_dadd
                0x0040909c                __adddf3
                0x00409314                __floatunsidf
                0x00409314                __aeabi_ui2d
                0x00409334                __floatsidf
                0x00409334                __aeabi_i2d
                0x00409358                __aeabi_f2d
                0x00409358                __extendsfdf2
                0x00409394                __floatundidf
                0x00409394                __aeabi_ul2d
                0x004093a4                __floatdidf
                0x004093a4                __aeabi_l2d
 .text          0x00409400      0x424 e:/isystem/winideaopen9/gcc/arm/bin/../lib/gcc/arm-none-eabi/4.9.3/cortex-m7\libgcc.a(_arm_muldivdf3.o)
                0x00409400                __aeabi_dmul
                0x00409400                __muldf3
                0x00409654                __divdf3
                0x00409654                __aeabi_ddiv
 .text          0x00409824      0x110 e:/isystem/winideaopen9/gcc/arm/bin/../lib/gcc/arm-none-eabi/4.9.3/cortex-m7\libgcc.a(_arm_cmpdf2.o)
                0x00409824                __gtdf2
                0x00409824                __gedf2
                0x0040982c                __ltdf2
                0x0040982c                __ledf2
                0x00409834                __nedf2
                0x00409834                __eqdf2
                0x00409834                __cmpdf2
                0x004098b0                __aeabi_cdrcmple
                0x004098c0                __aeabi_cdcmpeq
                0x004098c0                __aeabi_cdcmple
                0x004098d0                __aeabi_dcmpeq
                0x004098e4                __aeabi_dcmplt
                0x004098f8                __aeabi_dcmple
                0x0040990c                __aeabi_dcmpge
                0x00409920                __aeabi_dcmpgt
 .text          0x00409934       0x50 e:/isystem/winideaopen9/gcc/arm/bin/../lib/gcc/arm-none-eabi/4.9.3/cortex-m7\libgcc.a(_arm_fixdfsi.o)
                0x00409934                __aeabi_d2iz
                0x00409934                __fixdfsi
 .text          0x00409984       0x30 e:/isystem/winideaopen9/gcc/arm/bin/../lib/gcc/arm-none-eabi/4.9.3/cortex-m7\libgcc.a(_aeabi_uldivmod.o)
                0x00409984                __aeabi_uldivmod
 .text          0x004099b4       0x60 e:/isystem/winideaopen9/gcc/arm/bin/../lib/gcc/arm-none-eabi/4.9.3/cortex-m7\libgcc.a(bpabi.o)
                0x004099b4                __gnu_ldivmod_helper
                0x004099e4                __gnu_uldivmod_helper
 .text          0x00409a14        0x4 e:/isystem/winideaopen9/gcc/arm/bin/../lib/gcc/arm-none-eabi/4.9.3/cortex-m7\libgcc.a(_dvmd_tls.o)
                0x00409a14                __aeabi_idiv0
                0x00409a14                __aeabi_ldiv0
 .text          0x00409a18      0x284 e:/isystem/winideaopen9/gcc/arm/bin/../lib/gcc/arm-none-eabi/4.9.3/cortex-m7\libgcc.a(_divdi3.o)
                0x00409a18                __divdi3
 .text          0x00409c9c      0x248 e:/isystem/winideaopen9/gcc/arm/bin/../lib/gcc/arm-none-eabi/4.9.3/cortex-m7\libgcc.a(_udivdi3.o)
                0x00409c9c                __udivdi3
 *(.glue_7t)
 .glue_7t       0x00000000        0x0 linker stubs
 *(.glue_7)
 .glue_7        0x00000000        0x0 linker stubs
 *(.rodata .rodata* .gnu.linkonce.r.*)
 .rodata        0x00409ee4       0xf7 C:\Task4_Team4\BaseProject\BaseProject\workspace\Debug\dbg_console.o
 *fill*         0x00409fdb        0x1 
 .rodata        0x00409fdc       0xac C:\Task4_Team4\BaseProject\BaseProject\workspace\Debug\pmc.o
 .rodata        0x0040a088       0xea C:\Task4_Team4\BaseProject\BaseProject\workspace\Debug\pio_it.o
 *fill*         0x0040a172        0x2 
 .rodata        0x0040a174       0xe8 C:\Task4_Team4\BaseProject\BaseProject\workspace\Debug\mcan.o
                0x0040a1a4                mcan0Config
                0x0040a200                mcan1Config
 .rodata        0x0040a25c       0x19 C:\Task4_Team4\BaseProject\BaseProject\workspace\Debug\syscalls.o
 *fill*         0x0040a275        0x3 
 .rodata        0x0040a278       0xf2 C:\Task4_Team4\BaseProject\BaseProject\workspace\Debug\timetick.o
 *fill*         0x0040a36a        0x2 
 .rodata        0x0040a36c       0x1c C:\Task4_Team4\BaseProject\BaseProject\workspace\Debug\led.o
 .rodata        0x0040a388       0xb9 C:\Task4_Team4\BaseProject\BaseProject\workspace\Debug\canif.o
 *fill*         0x0040a441        0x3 
 .rodata        0x0040a444       0xdf C:\Task4_Team4\BaseProject\BaseProject\workspace\Debug\main.o
 *fill*         0x0040a523        0x1 
 .rodata.str1.4
                0x0040a524       0x3f e:/isystem/winideaopen9/gcc/arm/bin/../lib/gcc/arm-none-eabi/4.9.3/../../../../arm-none-eabi/lib/cortex-m7\libc.a(lib_a-assert.o)
                                 0x43 (size before relaxing)
 *fill*         0x0040a563        0x1 
 .rodata.str1.4
                0x0040a564        0x2 e:/isystem/winideaopen9/gcc/arm/bin/../lib/gcc/arm-none-eabi/4.9.3/../../../../arm-none-eabi/lib/cortex-m7\libc.a(lib_a-impure.o)
 *fill*         0x0040a566        0x2 
 .rodata.zeroes.6869
                0x0040a568       0x10 e:/isystem/winideaopen9/gcc/arm/bin/../lib/gcc/arm-none-eabi/4.9.3/../../../../arm-none-eabi/lib/cortex-m7\libc.a(lib_a-vfiprintf.o)
 .rodata.str1.4
                0x0040a578       0x2f e:/isystem/winideaopen9/gcc/arm/bin/../lib/gcc/arm-none-eabi/4.9.3/../../../../arm-none-eabi/lib/cortex-m7\libc.a(lib_a-vfiprintf.o)
 *fill*         0x0040a5a7        0x1 
 .rodata.blanks.6868
                0x0040a5a8       0x10 e:/isystem/winideaopen9/gcc/arm/bin/../lib/gcc/arm-none-eabi/4.9.3/../../../../arm-none-eabi/lib/cortex-m7\libc.a(lib_a-vfiprintf.o)
 .rodata.zeroes.6926
                0x0040a5b8       0x10 e:/isystem/winideaopen9/gcc/arm/bin/../lib/gcc/arm-none-eabi/4.9.3/../../../../arm-none-eabi/lib/cortex-m7\libc.a(lib_a-vfprintf.o)
 .rodata.str1.4
                0x0040a5c8       0x12 e:/isystem/winideaopen9/gcc/arm/bin/../lib/gcc/arm-none-eabi/4.9.3/../../../../arm-none-eabi/lib/cortex-m7\libc.a(lib_a-vfprintf.o)
                                 0x42 (size before relaxing)
 *fill*         0x0040a5da        0x2 
 .rodata.blanks.6925
                0x0040a5dc       0x10 e:/isystem/winideaopen9/gcc/arm/bin/../lib/gcc/arm-none-eabi/4.9.3/../../../../arm-none-eabi/lib/cortex-m7\libc.a(lib_a-vfprintf.o)
 .rodata.str1.4
                0x0040a5ec       0x10 e:/isystem/winideaopen9/gcc/arm/bin/../lib/gcc/arm-none-eabi/4.9.3/../../../../arm-none-eabi/lib/cortex-m7\libc.a(lib_a-dtoa.o)
                                 0x12 (size before relaxing)
 .rodata.str1.4
                0x0040a5fc        0xc e:/isystem/winideaopen9/gcc/arm/bin/../lib/gcc/arm-none-eabi/4.9.3/../../../../arm-none-eabi/lib/cortex-m7\libc.a(lib_a-locale.o)
                                 0x12 (size before relaxing)
 .rodata.__mprec_tens
                0x0040a608       0xc8 e:/isystem/winideaopen9/gcc/arm/bin/../lib/gcc/arm-none-eabi/4.9.3/../../../../arm-none-eabi/lib/cortex-m7\libc.a(lib_a-mprec.o)
                0x0040a608                __mprec_tens
 .rodata.p05.5302
                0x0040a6d0        0xc e:/isystem/winideaopen9/gcc/arm/bin/../lib/gcc/arm-none-eabi/4.9.3/../../../../arm-none-eabi/lib/cortex-m7\libc.a(lib_a-mprec.o)
 *fill*         0x0040a6dc        0x4 
 .rodata.__mprec_bigtens
                0x0040a6e0       0x28 e:/isystem/winideaopen9/gcc/arm/bin/../lib/gcc/arm-none-eabi/4.9.3/../../../../arm-none-eabi/lib/cortex-m7\libc.a(lib_a-mprec.o)
                0x0040a6e0                __mprec_bigtens
 *(.ARM.extab* .gnu.linkonce.armextab.*)
                0x0040a708                . = ALIGN (0x4)
 *(.init)
                0x0040a708                . = ALIGN (0x4)
                0x0040a708                __preinit_array_start = .
 *(.preinit_array)
                0x0040a708                __preinit_array_end = .
                0x0040a708                . = ALIGN (0x4)
                0x0040a708                __init_array_start = .
 *(SORT(.init_array.*))
 *(.init_array)
                0x0040a708                __init_array_end = .
                0x0040a708                . = ALIGN (0x4)
 *crtbegin.o(.ctors)
 *(EXCLUDE_FILE(*crtend.o) .ctors)
 *(SORT(.ctors.*))
 *crtend.o(.ctors)
                0x0040a708                . = ALIGN (0x4)
 *(.fini)
                0x0040a708                . = ALIGN (0x4)
                0x0040a708                __fini_array_start = .
 *(.fini_array)
 *(SORT(.fini_array.*))
                0x0040a708                __fini_array_end = .
 *crtbegin.o(.dtors)
 *(EXCLUDE_FILE(*crtend.o) .dtors)
 *(SORT(.dtors.*))
 *crtend.o(.dtors)
                0x0040a708                . = ALIGN (0x4)
                0x0040a708                _efixed = .
                0x0040a708                PROVIDE (__exidx_start, .)

.vfp11_veneer   0x0040a708        0x0
 .vfp11_veneer  0x00000000        0x0 linker stubs

.v4_bx          0x0040a708        0x0
 .v4_bx         0x00000000        0x0 linker stubs

.iplt           0x0040a708        0x0
 .iplt          0x00000000        0x0 C:\Task4_Team4\BaseProject\BaseProject\workspace\Debug\dbg_console.o

.igot.plt       0x0040a708        0x0
 .igot.plt      0x00000000        0x0 C:\Task4_Team4\BaseProject\BaseProject\workspace\Debug\dbg_console.o

.ARM.exidx      0x0040a708        0x8
 *(.ARM.exidx* .gnu.linkonce.armexidx.*)
 .ARM.exidx     0x0040a708        0x8 e:/isystem/winideaopen9/gcc/arm/bin/../lib/gcc/arm-none-eabi/4.9.3/cortex-m7\libgcc.a(_divdi3.o)
 .ARM.exidx     0x0040a710        0x0 e:/isystem/winideaopen9/gcc/arm/bin/../lib/gcc/arm-none-eabi/4.9.3/cortex-m7\libgcc.a(_udivdi3.o)
                                  0x8 (size before relaxing)
                0x0040a710                PROVIDE (__exidx_end, .)

.rel.dyn        0x0040a710        0x0
 .rel.iplt      0x00000000        0x0 C:\Task4_Team4\BaseProject\BaseProject\workspace\Debug\dbg_console.o
                0x0040a710                . = ALIGN (0x4)
                0x0040a710                _etext = .

.relocate       0x20400000      0x93c load address 0x0040a710
                0x20400000                . = ALIGN (0x4)
                0x20400000                _srelocate = .
 *(.ramfunc .ramfunc.*)
 *(.data .data.*)
 .data          0x20400000        0x4 C:\Task4_Team4\BaseProject\BaseProject\workspace\Debug\system_sam.o
                0x20400000                SystemCoreClock
 .data          0x20400004       0x1c C:\Task4_Team4\BaseProject\BaseProject\workspace\Debug\cannm.o
                0x20400004                u8CANData0
                0x20400008                u8CANData1
                0x20400010                u8CANData2
                0x20400018                u8CANData3
 .data          0x20400020       0x68 C:\Task4_Team4\BaseProject\BaseProject\workspace\Debug\canif_config.o
                0x20400020                CanTxMsg
                0x20400080                CanMsgObj
 .data          0x20400088       0x18 C:\Task4_Team4\BaseProject\BaseProject\workspace\Debug\main.o
                0x20400088                array_func
 .data.impure_data
                0x204000a0      0x428 e:/isystem/winideaopen9/gcc/arm/bin/../lib/gcc/arm-none-eabi/4.9.3/../../../../arm-none-eabi/lib/cortex-m7\libc.a(lib_a-impure.o)
 .data._impure_ptr
                0x204004c8        0x4 e:/isystem/winideaopen9/gcc/arm/bin/../lib/gcc/arm-none-eabi/4.9.3/../../../../arm-none-eabi/lib/cortex-m7\libc.a(lib_a-impure.o)
                0x204004c8                _impure_ptr
 .data.lconv    0x204004cc       0x38 e:/isystem/winideaopen9/gcc/arm/bin/../lib/gcc/arm-none-eabi/4.9.3/../../../../arm-none-eabi/lib/cortex-m7\libc.a(lib_a-locale.o)
 .data.lc_ctype_charset
                0x20400504       0x20 e:/isystem/winideaopen9/gcc/arm/bin/../lib/gcc/arm-none-eabi/4.9.3/../../../../arm-none-eabi/lib/cortex-m7\libc.a(lib_a-locale.o)
 .data.__mb_cur_max
                0x20400524        0x4 e:/isystem/winideaopen9/gcc/arm/bin/../lib/gcc/arm-none-eabi/4.9.3/../../../../arm-none-eabi/lib/cortex-m7\libc.a(lib_a-locale.o)
                0x20400524                __mb_cur_max
 .data.__malloc_av_
                0x20400528      0x408 e:/isystem/winideaopen9/gcc/arm/bin/../lib/gcc/arm-none-eabi/4.9.3/../../../../arm-none-eabi/lib/cortex-m7\libc.a(lib_a-mallocr.o)
                0x20400528                __malloc_av_
 .data.__malloc_trim_threshold
                0x20400930        0x4 e:/isystem/winideaopen9/gcc/arm/bin/../lib/gcc/arm-none-eabi/4.9.3/../../../../arm-none-eabi/lib/cortex-m7\libc.a(lib_a-mallocr.o)
                0x20400930                __malloc_trim_threshold
 .data.__malloc_sbrk_base
                0x20400934        0x4 e:/isystem/winideaopen9/gcc/arm/bin/../lib/gcc/arm-none-eabi/4.9.3/../../../../arm-none-eabi/lib/cortex-m7\libc.a(lib_a-mallocr.o)
                0x20400934                __malloc_sbrk_base
 .data.__wctomb
                0x20400938        0x4 e:/isystem/winideaopen9/gcc/arm/bin/../lib/gcc/arm-none-eabi/4.9.3/../../../../arm-none-eabi/lib/cortex-m7\libc.a(lib_a-wctomb_r.o)
                0x20400938                __wctomb
                0x2040093c                . = ALIGN (0x4)
                0x2040093c                _erelocate = .

.bss            0x2040093c      0x648 load address 0x0040b04c
                0x2040093c                . = ALIGN (0x4)
                0x2040093c                _sbss = .
                0x2040093c                _szero = .
 *(.bss .bss.*)
 .bss           0x2040093c        0x6 C:\Task4_Team4\BaseProject\BaseProject\workspace\Debug\dbg_console.o
 *fill*         0x20400942        0x2 
 .bss           0x20400944       0x44 C:\Task4_Team4\BaseProject\BaseProject\workspace\Debug\pio_it.o
 .bss           0x20400988      0x528 C:\Task4_Team4\BaseProject\BaseProject\workspace\Debug\mcan.o
 .bss           0x20400eb0        0xc C:\Task4_Team4\BaseProject\BaseProject\workspace\Debug\syscalls.o
 .bss           0x20400ebc       0x18 C:\Task4_Team4\BaseProject\BaseProject\workspace\Debug\timetick.o
 .bss           0x20400ed4        0xc C:\Task4_Team4\BaseProject\BaseProject\workspace\Debug\Tasks.o
                0x20400edc                var
 .bss           0x20400ee0        0xc C:\Task4_Team4\BaseProject\BaseProject\workspace\Debug\canif.o
 .bss.__malloc_max_total_mem
                0x20400eec        0x4 e:/isystem/winideaopen9/gcc/arm/bin/../lib/gcc/arm-none-eabi/4.9.3/../../../../arm-none-eabi/lib/cortex-m7\libc.a(lib_a-mallocr.o)
                0x20400eec                __malloc_max_total_mem
 .bss.__malloc_max_sbrked_mem
                0x20400ef0        0x4 e:/isystem/winideaopen9/gcc/arm/bin/../lib/gcc/arm-none-eabi/4.9.3/../../../../arm-none-eabi/lib/cortex-m7\libc.a(lib_a-mallocr.o)
                0x20400ef0                __malloc_max_sbrked_mem
 .bss.__malloc_top_pad
                0x20400ef4        0x4 e:/isystem/winideaopen9/gcc/arm/bin/../lib/gcc/arm-none-eabi/4.9.3/../../../../arm-none-eabi/lib/cortex-m7\libc.a(lib_a-mallocr.o)
                0x20400ef4                __malloc_top_pad
 .bss.__malloc_current_mallinfo
                0x20400ef8       0x28 e:/isystem/winideaopen9/gcc/arm/bin/../lib/gcc/arm-none-eabi/4.9.3/../../../../arm-none-eabi/lib/cortex-m7\libc.a(lib_a-mallocr.o)
                0x20400ef8                __malloc_current_mallinfo
 *(COMMON)
 COMMON         0x20400f20       0x10 C:\Task4_Team4\BaseProject\BaseProject\workspace\Debug\MemAlloc.o
                0x20400f20                MemHandler
 COMMON         0x20400f30       0x14 C:\Task4_Team4\BaseProject\BaseProject\workspace\Debug\timetick.o
                0x20400f30                gfunc_ptr
                0x20400f34                DelayTimer
 COMMON         0x20400f44       0x3a C:\Task4_Team4\BaseProject\BaseProject\workspace\Debug\app_scheduler.o
                0x20400f44                u8_50ms_Counter
                0x20400f45                gu8Scheduler_Status
                0x20400f46                gu8Scheduler_Thread_ID_Backup
                0x20400f47                u8_10ms_Counter
                0x20400f48                u8_100ms_Counter
                0x20400f4c                task_array
                0x20400f7c                gu8Scheduler_Counter
                0x20400f7d                gu8Scheduler_Thread_ID
 *fill*         0x20400f7e        0x2 
 COMMON         0x20400f80        0x4 e:/isystem/winideaopen9/gcc/arm/bin/../lib/gcc/arm-none-eabi/4.9.3/../../../../arm-none-eabi/lib/cortex-m7\libc.a(lib_a-reent.o)
                0x20400f80                errno
                0x20400f84                . = ALIGN (0x4)
                0x20400f84                _ebss = .
                0x20400f84                _ezero = .

.stack          0x20400f84     0x2004 load address 0x0040b694
                0x20400f88                . = ALIGN (0x8)
 *fill*         0x20400f84        0x4 
                0x20400f88                _sstack = .
                0x20402f88                . = (. + STACK_SIZE)
 *fill*         0x20400f88     0x2000 
                0x20402f88                . = ALIGN (0x8)
                0x20402f88                _estack = .

.heap           0x20402f88     0x1000 load address 0x0040d698
                0x20402f88                . = ALIGN (0x8)
                0x20402f88                _sheap = .
                0x20403f88                . = (. + HEAP_SIZE)
 *fill*         0x20402f88     0x1000 
                0x20403f88                . = ALIGN (0x8)
                0x20403f88                _eheap = .

.my_heap        0x20450000    0x10000
                0x20450000                . = ALIGN (0x8)
                0x20450000                HEAP_LLD = .
                0x20450000                _smyheap = .
                0x20460000                . = (. + MY_HEAP_SIZE)
 *fill*         0x20450000    0x10000 
                0x20460000                . = ALIGN (0x8)
                0x20460000                _emyheap = .
                0x20460000                . = ALIGN (0x4)
                0x20460000                _end = .
                0x2044ffff                _ram_end_ = ((ORIGIN (ram) + 0x50000) - 0x1)
                0x20460000                _sdram_lma = .

sdram_region
 *(sdram_region)
LOAD e:/isystem/winideaopen9/gcc/arm/bin/../lib/gcc/arm-none-eabi/4.9.3/../../../../arm-none-eabi/lib/cortex-m7\libc.a
LOAD e:/isystem/winideaopen9/gcc/arm/bin/../lib/gcc/arm-none-eabi/4.9.3/cortex-m7\libgcc.a
LOAD e:/isystem/winideaopen9/gcc/arm/bin/../lib/gcc/arm-none-eabi/4.9.3/../../../../arm-none-eabi/lib/cortex-m7\libm.a
OUTPUT(BaseProject.elf elf32-littlearm)

.debug_info     0x00000000     0xa7a2
 .debug_info    0x00000000     0x14dc C:\Task4_Team4\BaseProject\BaseProject\workspace\Debug\dbg_console.o
 .debug_info    0x000014dc      0x4f5 C:\Task4_Team4\BaseProject\BaseProject\workspace\Debug\board_lowlevel.o
 .debug_info    0x000019d1      0x1ec C:\Task4_Team4\BaseProject\BaseProject\workspace\Debug\MemAlloc.o
 .debug_info    0x00001bbd      0x59c C:\Task4_Team4\BaseProject\BaseProject\workspace\Debug\exceptions.o
 .debug_info    0x00002159      0xa00 C:\Task4_Team4\BaseProject\BaseProject\workspace\Debug\pio.o
 .debug_info    0x00002b59      0x327 C:\Task4_Team4\BaseProject\BaseProject\workspace\Debug\mpu.o
 .debug_info    0x00002e80      0x78b C:\Task4_Team4\BaseProject\BaseProject\workspace\Debug\pmc.o
 .debug_info    0x0000360b      0x1fd C:\Task4_Team4\BaseProject\BaseProject\workspace\Debug\wdt.o
 .debug_info    0x00003808      0xf6c C:\Task4_Team4\BaseProject\BaseProject\workspace\Debug\pio_it.o
 .debug_info    0x00004774     0x1f9d C:\Task4_Team4\BaseProject\BaseProject\workspace\Debug\mcan.o
 .debug_info    0x00006711      0x4cc C:\Task4_Team4\BaseProject\BaseProject\workspace\Debug\syscalls.o
 .debug_info    0x00006bdd      0x515 C:\Task4_Team4\BaseProject\BaseProject\workspace\Debug\system_sam.o
 .debug_info    0x000070f2      0xdca C:\Task4_Team4\BaseProject\BaseProject\workspace\Debug\timetick.o
 .debug_info    0x00007ebc      0x283 C:\Task4_Team4\BaseProject\BaseProject\workspace\Debug\app_scheduler.o
 .debug_info    0x0000813f      0x308 C:\Task4_Team4\BaseProject\BaseProject\workspace\Debug\Tasks.o
 .debug_info    0x00008447      0x105 C:\Task4_Team4\BaseProject\BaseProject\workspace\Debug\cannm.o
 .debug_info    0x0000854c      0x6f3 C:\Task4_Team4\BaseProject\BaseProject\workspace\Debug\led.o
 .debug_info    0x00008c3f      0x7f8 C:\Task4_Team4\BaseProject\BaseProject\workspace\Debug\canif.o
 .debug_info    0x00009437      0x31c C:\Task4_Team4\BaseProject\BaseProject\workspace\Debug\canif_config.o
 .debug_info    0x00009753      0x687 C:\Task4_Team4\BaseProject\BaseProject\workspace\Debug\main.o
 .debug_info    0x00009dda      0x9c8 C:\Task4_Team4\BaseProject\BaseProject\workspace\Debug\startup_sam.o

.debug_abbrev   0x00000000     0x1e10
 .debug_abbrev  0x00000000      0x26e C:\Task4_Team4\BaseProject\BaseProject\workspace\Debug\dbg_console.o
 .debug_abbrev  0x0000026e      0x12f C:\Task4_Team4\BaseProject\BaseProject\workspace\Debug\board_lowlevel.o
 .debug_abbrev  0x0000039d      0x101 C:\Task4_Team4\BaseProject\BaseProject\workspace\Debug\MemAlloc.o
 .debug_abbrev  0x0000049e      0x152 C:\Task4_Team4\BaseProject\BaseProject\workspace\Debug\exceptions.o
 .debug_abbrev  0x000005f0      0x19d C:\Task4_Team4\BaseProject\BaseProject\workspace\Debug\pio.o
 .debug_abbrev  0x0000078d      0x144 C:\Task4_Team4\BaseProject\BaseProject\workspace\Debug\mpu.o
 .debug_abbrev  0x000008d1      0x1ce C:\Task4_Team4\BaseProject\BaseProject\workspace\Debug\pmc.o
 .debug_abbrev  0x00000a9f       0xdf C:\Task4_Team4\BaseProject\BaseProject\workspace\Debug\wdt.o
 .debug_abbrev  0x00000b7e      0x22b C:\Task4_Team4\BaseProject\BaseProject\workspace\Debug\pio_it.o
 .debug_abbrev  0x00000da9      0x2ae C:\Task4_Team4\BaseProject\BaseProject\workspace\Debug\mcan.o
 .debug_abbrev  0x00001057      0x15e C:\Task4_Team4\BaseProject\BaseProject\workspace\Debug\syscalls.o
 .debug_abbrev  0x000011b5      0x127 C:\Task4_Team4\BaseProject\BaseProject\workspace\Debug\system_sam.o
 .debug_abbrev  0x000012dc      0x23e C:\Task4_Team4\BaseProject\BaseProject\workspace\Debug\timetick.o
 .debug_abbrev  0x0000151a      0x132 C:\Task4_Team4\BaseProject\BaseProject\workspace\Debug\app_scheduler.o
 .debug_abbrev  0x0000164c       0xee C:\Task4_Team4\BaseProject\BaseProject\workspace\Debug\Tasks.o
 .debug_abbrev  0x0000173a       0x57 C:\Task4_Team4\BaseProject\BaseProject\workspace\Debug\cannm.o
 .debug_abbrev  0x00001791      0x113 C:\Task4_Team4\BaseProject\BaseProject\workspace\Debug\led.o
 .debug_abbrev  0x000018a4      0x11c C:\Task4_Team4\BaseProject\BaseProject\workspace\Debug\canif.o
 .debug_abbrev  0x000019c0       0xcc C:\Task4_Team4\BaseProject\BaseProject\workspace\Debug\canif_config.o
 .debug_abbrev  0x00001a8c      0x1e4 C:\Task4_Team4\BaseProject\BaseProject\workspace\Debug\main.o
 .debug_abbrev  0x00001c70      0x1a0 C:\Task4_Team4\BaseProject\BaseProject\workspace\Debug\startup_sam.o

.debug_aranges  0x00000000      0x290
 .debug_aranges
                0x00000000       0x20 C:\Task4_Team4\BaseProject\BaseProject\workspace\Debug\dbg_console.o
 .debug_aranges
                0x00000020       0x20 C:\Task4_Team4\BaseProject\BaseProject\workspace\Debug\board_lowlevel.o
 .debug_aranges
                0x00000040       0x20 C:\Task4_Team4\BaseProject\BaseProject\workspace\Debug\MemAlloc.o
 .debug_aranges
                0x00000060       0x20 C:\Task4_Team4\BaseProject\BaseProject\workspace\Debug\exceptions.o
 .debug_aranges
                0x00000080       0x20 C:\Task4_Team4\BaseProject\BaseProject\workspace\Debug\pio.o
 .debug_aranges
                0x000000a0       0x20 C:\Task4_Team4\BaseProject\BaseProject\workspace\Debug\mpu.o
 .debug_aranges
                0x000000c0       0x20 C:\Task4_Team4\BaseProject\BaseProject\workspace\Debug\pmc.o
 .debug_aranges
                0x000000e0       0x20 C:\Task4_Team4\BaseProject\BaseProject\workspace\Debug\wdt.o
 .debug_aranges
                0x00000100       0x20 C:\Task4_Team4\BaseProject\BaseProject\workspace\Debug\pio_it.o
 .debug_aranges
                0x00000120       0x20 C:\Task4_Team4\BaseProject\BaseProject\workspace\Debug\mcan.o
 .debug_aranges
                0x00000140       0x20 C:\Task4_Team4\BaseProject\BaseProject\workspace\Debug\syscalls.o
 .debug_aranges
                0x00000160       0x20 C:\Task4_Team4\BaseProject\BaseProject\workspace\Debug\system_sam.o
 .debug_aranges
                0x00000180       0x20 C:\Task4_Team4\BaseProject\BaseProject\workspace\Debug\timetick.o
 .debug_aranges
                0x000001a0       0x20 C:\Task4_Team4\BaseProject\BaseProject\workspace\Debug\app_scheduler.o
 .debug_aranges
                0x000001c0       0x20 C:\Task4_Team4\BaseProject\BaseProject\workspace\Debug\Tasks.o
 .debug_aranges
                0x000001e0       0x18 C:\Task4_Team4\BaseProject\BaseProject\workspace\Debug\cannm.o
 .debug_aranges
                0x000001f8       0x20 C:\Task4_Team4\BaseProject\BaseProject\workspace\Debug\led.o
 .debug_aranges
                0x00000218       0x20 C:\Task4_Team4\BaseProject\BaseProject\workspace\Debug\canif.o
 .debug_aranges
                0x00000238       0x18 C:\Task4_Team4\BaseProject\BaseProject\workspace\Debug\canif_config.o
 .debug_aranges
                0x00000250       0x20 C:\Task4_Team4\BaseProject\BaseProject\workspace\Debug\main.o
 .debug_aranges
                0x00000270       0x20 C:\Task4_Team4\BaseProject\BaseProject\workspace\Debug\startup_sam.o

.debug_macro    0x00000000    0x1ec1c
 .debug_macro   0x00000000      0x737 C:\Task4_Team4\BaseProject\BaseProject\workspace\Debug\dbg_console.o
 .debug_macro   0x00000737      0x86e C:\Task4_Team4\BaseProject\BaseProject\workspace\Debug\dbg_console.o
 .debug_macro   0x00000fa5       0x22 C:\Task4_Team4\BaseProject\BaseProject\workspace\Debug\dbg_console.o
 .debug_macro   0x00000fc7       0x44 C:\Task4_Team4\BaseProject\BaseProject\workspace\Debug\dbg_console.o
 .debug_macro   0x0000100b       0xe3 C:\Task4_Team4\BaseProject\BaseProject\workspace\Debug\dbg_console.o
 .debug_macro   0x000010ee       0x22 C:\Task4_Team4\BaseProject\BaseProject\workspace\Debug\dbg_console.o
 .debug_macro   0x00001110      0x1df C:\Task4_Team4\BaseProject\BaseProject\workspace\Debug\dbg_console.o
 .debug_macro   0x000012ef       0x4a C:\Task4_Team4\BaseProject\BaseProject\workspace\Debug\dbg_console.o
 .debug_macro   0x00001339       0x3b C:\Task4_Team4\BaseProject\BaseProject\workspace\Debug\dbg_console.o
 .debug_macro   0x00001374       0x18 C:\Task4_Team4\BaseProject\BaseProject\workspace\Debug\dbg_console.o
 .debug_macro   0x0000138c       0x26 C:\Task4_Team4\BaseProject\BaseProject\workspace\Debug\dbg_console.o
 .debug_macro   0x000013b2      0xf9a C:\Task4_Team4\BaseProject\BaseProject\workspace\Debug\dbg_console.o
 .debug_macro   0x0000234c      0x16c C:\Task4_Team4\BaseProject\BaseProject\workspace\Debug\dbg_console.o
 .debug_macro   0x000024b8      0x24a C:\Task4_Team4\BaseProject\BaseProject\workspace\Debug\dbg_console.o
 .debug_macro   0x00002702      0xa00 C:\Task4_Team4\BaseProject\BaseProject\workspace\Debug\dbg_console.o
 .debug_macro   0x00003102      0x1b4 C:\Task4_Team4\BaseProject\BaseProject\workspace\Debug\dbg_console.o
 .debug_macro   0x000032b6      0x328 C:\Task4_Team4\BaseProject\BaseProject\workspace\Debug\dbg_console.o
 .debug_macro   0x000035de      0x15a C:\Task4_Team4\BaseProject\BaseProject\workspace\Debug\dbg_console.o
 .debug_macro   0x00003738      0xe71 C:\Task4_Team4\BaseProject\BaseProject\workspace\Debug\dbg_console.o
 .debug_macro   0x000045a9       0x1c C:\Task4_Team4\BaseProject\BaseProject\workspace\Debug\dbg_console.o
 .debug_macro   0x000045c5      0x67f C:\Task4_Team4\BaseProject\BaseProject\workspace\Debug\dbg_console.o
 .debug_macro   0x00004c44      0x310 C:\Task4_Team4\BaseProject\BaseProject\workspace\Debug\dbg_console.o
 .debug_macro   0x00004f54      0x4c7 C:\Task4_Team4\BaseProject\BaseProject\workspace\Debug\dbg_console.o
 .debug_macro   0x0000541b      0x26e C:\Task4_Team4\BaseProject\BaseProject\workspace\Debug\dbg_console.o
 .debug_macro   0x00005689     0x1324 C:\Task4_Team4\BaseProject\BaseProject\workspace\Debug\dbg_console.o
 .debug_macro   0x000069ad      0x280 C:\Task4_Team4\BaseProject\BaseProject\workspace\Debug\dbg_console.o
 .debug_macro   0x00006c2d     0x2ba3 C:\Task4_Team4\BaseProject\BaseProject\workspace\Debug\dbg_console.o
 .debug_macro   0x000097d0     0x101d C:\Task4_Team4\BaseProject\BaseProject\workspace\Debug\dbg_console.o
 .debug_macro   0x0000a7ed      0xe01 C:\Task4_Team4\BaseProject\BaseProject\workspace\Debug\dbg_console.o
 .debug_macro   0x0000b5ee      0x3a4 C:\Task4_Team4\BaseProject\BaseProject\workspace\Debug\dbg_console.o
 .debug_macro   0x0000b992       0xa0 C:\Task4_Team4\BaseProject\BaseProject\workspace\Debug\dbg_console.o
 .debug_macro   0x0000ba32       0x76 C:\Task4_Team4\BaseProject\BaseProject\workspace\Debug\dbg_console.o
 .debug_macro   0x0000baa8      0x3fb C:\Task4_Team4\BaseProject\BaseProject\workspace\Debug\dbg_console.o
 .debug_macro   0x0000bea3       0x64 C:\Task4_Team4\BaseProject\BaseProject\workspace\Debug\dbg_console.o
 .debug_macro   0x0000bf07      0x276 C:\Task4_Team4\BaseProject\BaseProject\workspace\Debug\dbg_console.o
 .debug_macro   0x0000c17d      0x1c4 C:\Task4_Team4\BaseProject\BaseProject\workspace\Debug\dbg_console.o
 .debug_macro   0x0000c341      0x23b C:\Task4_Team4\BaseProject\BaseProject\workspace\Debug\dbg_console.o
 .debug_macro   0x0000c57c      0x516 C:\Task4_Team4\BaseProject\BaseProject\workspace\Debug\dbg_console.o
 .debug_macro   0x0000ca92      0x62d C:\Task4_Team4\BaseProject\BaseProject\workspace\Debug\dbg_console.o
 .debug_macro   0x0000d0bf      0x6a9 C:\Task4_Team4\BaseProject\BaseProject\workspace\Debug\dbg_console.o
 .debug_macro   0x0000d768       0x4c C:\Task4_Team4\BaseProject\BaseProject\workspace\Debug\dbg_console.o
 .debug_macro   0x0000d7b4      0x45a C:\Task4_Team4\BaseProject\BaseProject\workspace\Debug\dbg_console.o
 .debug_macro   0x0000dc0e      0x1fb C:\Task4_Team4\BaseProject\BaseProject\workspace\Debug\dbg_console.o
 .debug_macro   0x0000de09      0x87d C:\Task4_Team4\BaseProject\BaseProject\workspace\Debug\dbg_console.o
 .debug_macro   0x0000e686     0x1547 C:\Task4_Team4\BaseProject\BaseProject\workspace\Debug\dbg_console.o
 .debug_macro   0x0000fbcd       0x40 C:\Task4_Team4\BaseProject\BaseProject\workspace\Debug\dbg_console.o
 .debug_macro   0x0000fc0d       0x76 C:\Task4_Team4\BaseProject\BaseProject\workspace\Debug\dbg_console.o
 .debug_macro   0x0000fc83      0xda0 C:\Task4_Team4\BaseProject\BaseProject\workspace\Debug\dbg_console.o
 .debug_macro   0x00010a23       0x82 C:\Task4_Team4\BaseProject\BaseProject\workspace\Debug\dbg_console.o
 .debug_macro   0x00010aa5       0x76 C:\Task4_Team4\BaseProject\BaseProject\workspace\Debug\dbg_console.o
 .debug_macro   0x00010b1b       0x4c C:\Task4_Team4\BaseProject\BaseProject\workspace\Debug\dbg_console.o
 .debug_macro   0x00010b67      0x126 C:\Task4_Team4\BaseProject\BaseProject\workspace\Debug\dbg_console.o
 .debug_macro   0x00010c8d      0x126 C:\Task4_Team4\BaseProject\BaseProject\workspace\Debug\dbg_console.o
 .debug_macro   0x00010db3      0x126 C:\Task4_Team4\BaseProject\BaseProject\workspace\Debug\dbg_console.o
 .debug_macro   0x00010ed9       0x6a C:\Task4_Team4\BaseProject\BaseProject\workspace\Debug\dbg_console.o
 .debug_macro   0x00010f43       0x6a C:\Task4_Team4\BaseProject\BaseProject\workspace\Debug\dbg_console.o
 .debug_macro   0x00010fad      0x313 C:\Task4_Team4\BaseProject\BaseProject\workspace\Debug\dbg_console.o
 .debug_macro   0x000112c0       0xb2 C:\Task4_Team4\BaseProject\BaseProject\workspace\Debug\dbg_console.o
 .debug_macro   0x00011372       0xb2 C:\Task4_Team4\BaseProject\BaseProject\workspace\Debug\dbg_console.o
 .debug_macro   0x00011424       0xb2 C:\Task4_Team4\BaseProject\BaseProject\workspace\Debug\dbg_console.o
 .debug_macro   0x000114d6      0x112 C:\Task4_Team4\BaseProject\BaseProject\workspace\Debug\dbg_console.o
 .debug_macro   0x000115e8      0x112 C:\Task4_Team4\BaseProject\BaseProject\workspace\Debug\dbg_console.o
 .debug_macro   0x000116fa      0x2cd C:\Task4_Team4\BaseProject\BaseProject\workspace\Debug\dbg_console.o
 .debug_macro   0x000119c7       0xb8 C:\Task4_Team4\BaseProject\BaseProject\workspace\Debug\dbg_console.o
 .debug_macro   0x00011a7f       0x5e C:\Task4_Team4\BaseProject\BaseProject\workspace\Debug\dbg_console.o
 .debug_macro   0x00011add       0x40 C:\Task4_Team4\BaseProject\BaseProject\workspace\Debug\dbg_console.o
 .debug_macro   0x00011b1d       0x4c C:\Task4_Team4\BaseProject\BaseProject\workspace\Debug\dbg_console.o
 .debug_macro   0x00011b69       0xa0 C:\Task4_Team4\BaseProject\BaseProject\workspace\Debug\dbg_console.o
 .debug_macro   0x00011c09      0x494 C:\Task4_Team4\BaseProject\BaseProject\workspace\Debug\dbg_console.o
 .debug_macro   0x0001209d      0x126 C:\Task4_Team4\BaseProject\BaseProject\workspace\Debug\dbg_console.o
 .debug_macro   0x000121c3       0x4c C:\Task4_Team4\BaseProject\BaseProject\workspace\Debug\dbg_console.o
 .debug_macro   0x0001220f      0x313 C:\Task4_Team4\BaseProject\BaseProject\workspace\Debug\dbg_console.o
 .debug_macro   0x00012522       0x6a C:\Task4_Team4\BaseProject\BaseProject\workspace\Debug\dbg_console.o
 .debug_macro   0x0001258c       0xb8 C:\Task4_Team4\BaseProject\BaseProject\workspace\Debug\dbg_console.o
 .debug_macro   0x00012644       0x76 C:\Task4_Team4\BaseProject\BaseProject\workspace\Debug\dbg_console.o
 .debug_macro   0x000126ba       0x6a C:\Task4_Team4\BaseProject\BaseProject\workspace\Debug\dbg_console.o
 .debug_macro   0x00012724       0x2e C:\Task4_Team4\BaseProject\BaseProject\workspace\Debug\dbg_console.o
 .debug_macro   0x00012752      0x9b1 C:\Task4_Team4\BaseProject\BaseProject\workspace\Debug\dbg_console.o
 .debug_macro   0x00013103       0x6a C:\Task4_Team4\BaseProject\BaseProject\workspace\Debug\dbg_console.o
 .debug_macro   0x0001316d       0x88 C:\Task4_Team4\BaseProject\BaseProject\workspace\Debug\dbg_console.o
 .debug_macro   0x000131f5       0x58 C:\Task4_Team4\BaseProject\BaseProject\workspace\Debug\dbg_console.o
 .debug_macro   0x0001324d       0xa6 C:\Task4_Team4\BaseProject\BaseProject\workspace\Debug\dbg_console.o
 .debug_macro   0x000132f3       0x16 C:\Task4_Team4\BaseProject\BaseProject\workspace\Debug\dbg_console.o
 .debug_macro   0x00013309       0xe2 C:\Task4_Team4\BaseProject\BaseProject\workspace\Debug\dbg_console.o
 .debug_macro   0x000133eb       0x4c C:\Task4_Team4\BaseProject\BaseProject\workspace\Debug\dbg_console.o
 .debug_macro   0x00013437       0x16 C:\Task4_Team4\BaseProject\BaseProject\workspace\Debug\dbg_console.o
 .debug_macro   0x0001344d       0x4c C:\Task4_Team4\BaseProject\BaseProject\workspace\Debug\dbg_console.o
 .debug_macro   0x00013499       0x2e C:\Task4_Team4\BaseProject\BaseProject\workspace\Debug\dbg_console.o
 .debug_macro   0x000134c7      0x19e C:\Task4_Team4\BaseProject\BaseProject\workspace\Debug\dbg_console.o
 .debug_macro   0x00013665      0x19e C:\Task4_Team4\BaseProject\BaseProject\workspace\Debug\dbg_console.o
 .debug_macro   0x00013803      0x19e C:\Task4_Team4\BaseProject\BaseProject\workspace\Debug\dbg_console.o
 .debug_macro   0x000139a1      0x19e C:\Task4_Team4\BaseProject\BaseProject\workspace\Debug\dbg_console.o
 .debug_macro   0x00013b3f      0x19e C:\Task4_Team4\BaseProject\BaseProject\workspace\Debug\dbg_console.o
 .debug_macro   0x00013cdd       0x1c C:\Task4_Team4\BaseProject\BaseProject\workspace\Debug\dbg_console.o
 .debug_macro   0x00013cf9       0x2e C:\Task4_Team4\BaseProject\BaseProject\workspace\Debug\dbg_console.o
 .debug_macro   0x00013d27       0x22 C:\Task4_Team4\BaseProject\BaseProject\workspace\Debug\dbg_console.o
 .debug_macro   0x00013d49       0x1c C:\Task4_Team4\BaseProject\BaseProject\workspace\Debug\dbg_console.o
 .debug_macro   0x00013d65       0x52 C:\Task4_Team4\BaseProject\BaseProject\workspace\Debug\dbg_console.o
 .debug_macro   0x00013db7       0x10 C:\Task4_Team4\BaseProject\BaseProject\workspace\Debug\dbg_console.o
 .debug_macro   0x00013dc7       0x1c C:\Task4_Team4\BaseProject\BaseProject\workspace\Debug\dbg_console.o
 .debug_macro   0x00013de3       0x4c C:\Task4_Team4\BaseProject\BaseProject\workspace\Debug\dbg_console.o
 .debug_macro   0x00013e2f       0x4c C:\Task4_Team4\BaseProject\BaseProject\workspace\Debug\dbg_console.o
 .debug_macro   0x00013e7b       0x4c C:\Task4_Team4\BaseProject\BaseProject\workspace\Debug\dbg_console.o
 .debug_macro   0x00013ec7      0x329 C:\Task4_Team4\BaseProject\BaseProject\workspace\Debug\dbg_console.o
 .debug_macro   0x000141f0     0x1028 C:\Task4_Team4\BaseProject\BaseProject\workspace\Debug\dbg_console.o
 .debug_macro   0x00015218      0x107 C:\Task4_Team4\BaseProject\BaseProject\workspace\Debug\dbg_console.o
 .debug_macro   0x0001531f      0x166 C:\Task4_Team4\BaseProject\BaseProject\workspace\Debug\dbg_console.o
 .debug_macro   0x00015485       0x58 C:\Task4_Team4\BaseProject\BaseProject\workspace\Debug\dbg_console.o
 .debug_macro   0x000154dd       0x35 C:\Task4_Team4\BaseProject\BaseProject\workspace\Debug\dbg_console.o
 .debug_macro   0x00015512       0x9c C:\Task4_Team4\BaseProject\BaseProject\workspace\Debug\dbg_console.o
 .debug_macro   0x000155ae       0x16 C:\Task4_Team4\BaseProject\BaseProject\workspace\Debug\dbg_console.o
 .debug_macro   0x000155c4       0x35 C:\Task4_Team4\BaseProject\BaseProject\workspace\Debug\dbg_console.o
 .debug_macro   0x000155f9       0x52 C:\Task4_Team4\BaseProject\BaseProject\workspace\Debug\dbg_console.o
 .debug_macro   0x0001564b       0x16 C:\Task4_Team4\BaseProject\BaseProject\workspace\Debug\dbg_console.o
 .debug_macro   0x00015661       0x43 C:\Task4_Team4\BaseProject\BaseProject\workspace\Debug\dbg_console.o
 .debug_macro   0x000156a4      0x180 C:\Task4_Team4\BaseProject\BaseProject\workspace\Debug\dbg_console.o
 .debug_macro   0x00015824      0x29d C:\Task4_Team4\BaseProject\BaseProject\workspace\Debug\dbg_console.o
 .debug_macro   0x00015ac1       0x16 C:\Task4_Team4\BaseProject\BaseProject\workspace\Debug\dbg_console.o
 .debug_macro   0x00015ad7       0x29 C:\Task4_Team4\BaseProject\BaseProject\workspace\Debug\dbg_console.o
 .debug_macro   0x00015b00       0x22 C:\Task4_Team4\BaseProject\BaseProject\workspace\Debug\dbg_console.o
 .debug_macro   0x00015b22      0x159 C:\Task4_Team4\BaseProject\BaseProject\workspace\Debug\dbg_console.o
 .debug_macro   0x00015c7b       0x5e C:\Task4_Team4\BaseProject\BaseProject\workspace\Debug\dbg_console.o
 .debug_macro   0x00015cd9       0x91 C:\Task4_Team4\BaseProject\BaseProject\workspace\Debug\dbg_console.o
 .debug_macro   0x00015d6a      0x19e C:\Task4_Team4\BaseProject\BaseProject\workspace\Debug\dbg_console.o
 .debug_macro   0x00015f08       0x3a C:\Task4_Team4\BaseProject\BaseProject\workspace\Debug\dbg_console.o
 .debug_macro   0x00015f42       0x52 C:\Task4_Team4\BaseProject\BaseProject\workspace\Debug\dbg_console.o
 .debug_macro   0x00015f94       0x1c C:\Task4_Team4\BaseProject\BaseProject\workspace\Debug\dbg_console.o
 .debug_macro   0x00015fb0       0x10 C:\Task4_Team4\BaseProject\BaseProject\workspace\Debug\dbg_console.o
 .debug_macro   0x00015fc0       0x10 C:\Task4_Team4\BaseProject\BaseProject\workspace\Debug\dbg_console.o
 .debug_macro   0x00015fd0       0x22 C:\Task4_Team4\BaseProject\BaseProject\workspace\Debug\dbg_console.o
 .debug_macro   0x00015ff2       0xbe C:\Task4_Team4\BaseProject\BaseProject\workspace\Debug\dbg_console.o
 .debug_macro   0x000160b0       0x16 C:\Task4_Team4\BaseProject\BaseProject\workspace\Debug\dbg_console.o
 .debug_macro   0x000160c6      0x197 C:\Task4_Team4\BaseProject\BaseProject\workspace\Debug\dbg_console.o
 .debug_macro   0x0001625d       0x93 C:\Task4_Team4\BaseProject\BaseProject\workspace\Debug\dbg_console.o
 .debug_macro   0x000162f0       0x2e C:\Task4_Team4\BaseProject\BaseProject\workspace\Debug\dbg_console.o
 .debug_macro   0x0001631e       0x2e C:\Task4_Team4\BaseProject\BaseProject\workspace\Debug\dbg_console.o
 .debug_macro   0x0001634c       0x16 C:\Task4_Team4\BaseProject\BaseProject\workspace\Debug\dbg_console.o
 .debug_macro   0x00016362       0x76 C:\Task4_Team4\BaseProject\BaseProject\workspace\Debug\dbg_console.o
 .debug_macro   0x000163d8       0x10 C:\Task4_Team4\BaseProject\BaseProject\workspace\Debug\dbg_console.o
 .debug_macro   0x000163e8       0x52 C:\Task4_Team4\BaseProject\BaseProject\workspace\Debug\dbg_console.o
 .debug_macro   0x0001643a       0x16 C:\Task4_Team4\BaseProject\BaseProject\workspace\Debug\dbg_console.o
 .debug_macro   0x00016450       0x10 C:\Task4_Team4\BaseProject\BaseProject\workspace\Debug\dbg_console.o
 .debug_macro   0x00016460       0x10 C:\Task4_Team4\BaseProject\BaseProject\workspace\Debug\dbg_console.o
 .debug_macro   0x00016470       0x10 C:\Task4_Team4\BaseProject\BaseProject\workspace\Debug\dbg_console.o
 .debug_macro   0x00016480       0x35 C:\Task4_Team4\BaseProject\BaseProject\workspace\Debug\dbg_console.o
 .debug_macro   0x000164b5      0x122 C:\Task4_Team4\BaseProject\BaseProject\workspace\Debug\dbg_console.o
 .debug_macro   0x000165d7      0x452 C:\Task4_Team4\BaseProject\BaseProject\workspace\Debug\dbg_console.o
 .debug_macro   0x00016a29      0x701 C:\Task4_Team4\BaseProject\BaseProject\workspace\Debug\board_lowlevel.o
 .debug_macro   0x0001712a      0x67a C:\Task4_Team4\BaseProject\BaseProject\workspace\Debug\MemAlloc.o
 .debug_macro   0x000177a4      0x664 C:\Task4_Team4\BaseProject\BaseProject\workspace\Debug\exceptions.o
 .debug_macro   0x00017e08      0x664 C:\Task4_Team4\BaseProject\BaseProject\workspace\Debug\pio.o
 .debug_macro   0x0001846c      0x664 C:\Task4_Team4\BaseProject\BaseProject\workspace\Debug\mpu.o
 .debug_macro   0x00018ad0      0x67a C:\Task4_Team4\BaseProject\BaseProject\workspace\Debug\pmc.o
 .debug_macro   0x0001914a       0x10 C:\Task4_Team4\BaseProject\BaseProject\workspace\Debug\pmc.o
 .debug_macro   0x0001915a      0x664 C:\Task4_Team4\BaseProject\BaseProject\workspace\Debug\wdt.o
 .debug_macro   0x000197be      0x674 C:\Task4_Team4\BaseProject\BaseProject\workspace\Debug\pio_it.o
 .debug_macro   0x00019e32      0x970 C:\Task4_Team4\BaseProject\BaseProject\workspace\Debug\mcan.o
 .debug_macro   0x0001a7a2      0x124 C:\Task4_Team4\BaseProject\BaseProject\workspace\Debug\mcan.o
 .debug_macro   0x0001a8c6      0x71f C:\Task4_Team4\BaseProject\BaseProject\workspace\Debug\syscalls.o
 .debug_macro   0x0001afe5       0x10 C:\Task4_Team4\BaseProject\BaseProject\workspace\Debug\syscalls.o
 .debug_macro   0x0001aff5      0x241 C:\Task4_Team4\BaseProject\BaseProject\workspace\Debug\syscalls.o
 .debug_macro   0x0001b236      0x460 C:\Task4_Team4\BaseProject\BaseProject\workspace\Debug\system_sam.o
 .debug_macro   0x0001b696      0x711 C:\Task4_Team4\BaseProject\BaseProject\workspace\Debug\timetick.o
 .debug_macro   0x0001bda7      0x66e C:\Task4_Team4\BaseProject\BaseProject\workspace\Debug\app_scheduler.o
 .debug_macro   0x0001c415       0x5e C:\Task4_Team4\BaseProject\BaseProject\workspace\Debug\app_scheduler.o
 .debug_macro   0x0001c473       0x50 C:\Task4_Team4\BaseProject\BaseProject\workspace\Debug\app_scheduler.o
 .debug_macro   0x0001c4c3      0x68f C:\Task4_Team4\BaseProject\BaseProject\workspace\Debug\Tasks.o
 .debug_macro   0x0001cb52       0x5e C:\Task4_Team4\BaseProject\BaseProject\workspace\Debug\cannm.o
 .debug_macro   0x0001cbb0      0x701 C:\Task4_Team4\BaseProject\BaseProject\workspace\Debug\led.o
 .debug_macro   0x0001d2b1      0x71b C:\Task4_Team4\BaseProject\BaseProject\workspace\Debug\canif.o
 .debug_macro   0x0001d9cc      0x678 C:\Task4_Team4\BaseProject\BaseProject\workspace\Debug\canif_config.o
 .debug_macro   0x0001e044      0x72c C:\Task4_Team4\BaseProject\BaseProject\workspace\Debug\main.o
 .debug_macro   0x0001e770       0x64 C:\Task4_Team4\BaseProject\BaseProject\workspace\Debug\main.o
 .debug_macro   0x0001e7d4      0x448 C:\Task4_Team4\BaseProject\BaseProject\workspace\Debug\startup_sam.o

.debug_line     0x00000000    0x15bb0
 .debug_line    0x00000000     0x13e3 C:\Task4_Team4\BaseProject\BaseProject\workspace\Debug\dbg_console.o
 .debug_line    0x000013e3     0x12a1 C:\Task4_Team4\BaseProject\BaseProject\workspace\Debug\board_lowlevel.o
 .debug_line    0x00002684     0x10e8 C:\Task4_Team4\BaseProject\BaseProject\workspace\Debug\MemAlloc.o
 .debug_line    0x0000376c     0x10dc C:\Task4_Team4\BaseProject\BaseProject\workspace\Debug\exceptions.o
 .debug_line    0x00004848     0x1127 C:\Task4_Team4\BaseProject\BaseProject\workspace\Debug\pio.o
 .debug_line    0x0000596f     0x10ae C:\Task4_Team4\BaseProject\BaseProject\workspace\Debug\mpu.o
 .debug_line    0x00006a1d     0x1228 C:\Task4_Team4\BaseProject\BaseProject\workspace\Debug\pmc.o
 .debug_line    0x00007c45     0x1081 C:\Task4_Team4\BaseProject\BaseProject\workspace\Debug\wdt.o
 .debug_line    0x00008cc6     0x1126 C:\Task4_Team4\BaseProject\BaseProject\workspace\Debug\pio_it.o
 .debug_line    0x00009dec     0x13f6 C:\Task4_Team4\BaseProject\BaseProject\workspace\Debug\mcan.o
 .debug_line    0x0000b1e2     0x1294 C:\Task4_Team4\BaseProject\BaseProject\workspace\Debug\syscalls.o
 .debug_line    0x0000c476      0xc27 C:\Task4_Team4\BaseProject\BaseProject\workspace\Debug\system_sam.o
 .debug_line    0x0000d09d     0x1278 C:\Task4_Team4\BaseProject\BaseProject\workspace\Debug\timetick.o
 .debug_line    0x0000e315     0x113b C:\Task4_Team4\BaseProject\BaseProject\workspace\Debug\app_scheduler.o
 .debug_line    0x0000f450     0x112d C:\Task4_Team4\BaseProject\BaseProject\workspace\Debug\Tasks.o
 .debug_line    0x0001057d      0x1c2 C:\Task4_Team4\BaseProject\BaseProject\workspace\Debug\cannm.o
 .debug_line    0x0001073f     0x1203 C:\Task4_Team4\BaseProject\BaseProject\workspace\Debug\led.o
 .debug_line    0x00011942     0x1260 C:\Task4_Team4\BaseProject\BaseProject\workspace\Debug\canif.o
 .debug_line    0x00012ba2     0x10ff C:\Task4_Team4\BaseProject\BaseProject\workspace\Debug\canif_config.o
 .debug_line    0x00013ca1     0x137b C:\Task4_Team4\BaseProject\BaseProject\workspace\Debug\main.o
 .debug_line    0x0001501c      0xb94 C:\Task4_Team4\BaseProject\BaseProject\workspace\Debug\startup_sam.o

.debug_str      0x00000000    0x7b552
 .debug_str     0x00000000    0x76e8e C:\Task4_Team4\BaseProject\BaseProject\workspace\Debug\dbg_console.o
                              0x7745b (size before relaxing)
 .debug_str     0x00076e8e      0x20a C:\Task4_Team4\BaseProject\BaseProject\workspace\Debug\board_lowlevel.o
                              0x76b25 (size before relaxing)
 .debug_str     0x00077098      0x15c C:\Task4_Team4\BaseProject\BaseProject\workspace\Debug\MemAlloc.o
                              0x73b27 (size before relaxing)
 .debug_str     0x000771f4       0xac C:\Task4_Team4\BaseProject\BaseProject\workspace\Debug\exceptions.o
                              0x73c18 (size before relaxing)
 .debug_str     0x000772a0      0x1da C:\Task4_Team4\BaseProject\BaseProject\workspace\Debug\pio.o
                              0x73ea9 (size before relaxing)
 .debug_str     0x0007747a      0x18e C:\Task4_Team4\BaseProject\BaseProject\workspace\Debug\mpu.o
                              0x73b63 (size before relaxing)
 .debug_str     0x00077608      0x457 C:\Task4_Team4\BaseProject\BaseProject\workspace\Debug\pmc.o
                              0x73e5f (size before relaxing)
 .debug_str     0x00077a5f       0xdc C:\Task4_Team4\BaseProject\BaseProject\workspace\Debug\wdt.o
                              0x73a8c (size before relaxing)
 .debug_str     0x00077b3b      0x49c C:\Task4_Team4\BaseProject\BaseProject\workspace\Debug\pio_it.o
                              0x74360 (size before relaxing)
 .debug_str     0x00077fd7     0x1d11 C:\Task4_Team4\BaseProject\BaseProject\workspace\Debug\mcan.o
                              0x78fd0 (size before relaxing)
 .debug_str     0x00079ce8      0x5e4 C:\Task4_Team4\BaseProject\BaseProject\workspace\Debug\syscalls.o
                              0x76f48 (size before relaxing)
 .debug_str     0x0007a2cc      0x24f C:\Task4_Team4\BaseProject\BaseProject\workspace\Debug\system_sam.o
                              0x6e232 (size before relaxing)
 .debug_str     0x0007a51b      0x21d C:\Task4_Team4\BaseProject\BaseProject\workspace\Debug\timetick.o
                              0x77197 (size before relaxing)
 .debug_str     0x0007a738      0x373 C:\Task4_Team4\BaseProject\BaseProject\workspace\Debug\app_scheduler.o
                              0x73d30 (size before relaxing)
 .debug_str     0x0007aaab      0x184 C:\Task4_Team4\BaseProject\BaseProject\workspace\Debug\Tasks.o
                              0x73c7b (size before relaxing)
 .debug_str     0x0007ac2f       0x8b C:\Task4_Team4\BaseProject\BaseProject\workspace\Debug\cannm.o
                               0x3132 (size before relaxing)
 .debug_str     0x0007acba       0xb8 C:\Task4_Team4\BaseProject\BaseProject\workspace\Debug\led.o
                              0x76c81 (size before relaxing)
 .debug_str     0x0007ad72       0xd8 C:\Task4_Team4\BaseProject\BaseProject\workspace\Debug\canif.o
                              0x76f1c (size before relaxing)
 .debug_str     0x0007ae4a       0x50 C:\Task4_Team4\BaseProject\BaseProject\workspace\Debug\canif_config.o
                              0x73c36 (size before relaxing)
 .debug_str     0x0007ae9a       0xae C:\Task4_Team4\BaseProject\BaseProject\workspace\Debug\main.o
                              0x76cd2 (size before relaxing)
 .debug_str     0x0007af48      0x60a C:\Task4_Team4\BaseProject\BaseProject\workspace\Debug\startup_sam.o
                              0x6e5f7 (size before relaxing)

.comment        0x00000000       0x70
 .comment       0x00000000       0x70 C:\Task4_Team4\BaseProject\BaseProject\workspace\Debug\dbg_console.o
                                 0x71 (size before relaxing)
 .comment       0x00000000       0x71 C:\Task4_Team4\BaseProject\BaseProject\workspace\Debug\board_lowlevel.o
 .comment       0x00000000       0x71 C:\Task4_Team4\BaseProject\BaseProject\workspace\Debug\MemAlloc.o
 .comment       0x00000000       0x71 C:\Task4_Team4\BaseProject\BaseProject\workspace\Debug\exceptions.o
 .comment       0x00000000       0x71 C:\Task4_Team4\BaseProject\BaseProject\workspace\Debug\pio.o
 .comment       0x00000000       0x71 C:\Task4_Team4\BaseProject\BaseProject\workspace\Debug\mpu.o
 .comment       0x00000000       0x71 C:\Task4_Team4\BaseProject\BaseProject\workspace\Debug\pmc.o
 .comment       0x00000000       0x71 C:\Task4_Team4\BaseProject\BaseProject\workspace\Debug\wdt.o
 .comment       0x00000000       0x71 C:\Task4_Team4\BaseProject\BaseProject\workspace\Debug\pio_it.o
 .comment       0x00000000       0x71 C:\Task4_Team4\BaseProject\BaseProject\workspace\Debug\mcan.o
 .comment       0x00000000       0x71 C:\Task4_Team4\BaseProject\BaseProject\workspace\Debug\syscalls.o
 .comment       0x00000000       0x71 C:\Task4_Team4\BaseProject\BaseProject\workspace\Debug\system_sam.o
 .comment       0x00000000       0x71 C:\Task4_Team4\BaseProject\BaseProject\workspace\Debug\timetick.o
 .comment       0x00000000       0x71 C:\Task4_Team4\BaseProject\BaseProject\workspace\Debug\app_scheduler.o
 .comment       0x00000000       0x71 C:\Task4_Team4\BaseProject\BaseProject\workspace\Debug\Tasks.o
 .comment       0x00000000       0x71 C:\Task4_Team4\BaseProject\BaseProject\workspace\Debug\cannm.o
 .comment       0x00000000       0x71 C:\Task4_Team4\BaseProject\BaseProject\workspace\Debug\led.o
 .comment       0x00000000       0x71 C:\Task4_Team4\BaseProject\BaseProject\workspace\Debug\canif.o
 .comment       0x00000000       0x71 C:\Task4_Team4\BaseProject\BaseProject\workspace\Debug\canif_config.o
 .comment       0x00000000       0x71 C:\Task4_Team4\BaseProject\BaseProject\workspace\Debug\main.o
 .comment       0x00000000       0x71 C:\Task4_Team4\BaseProject\BaseProject\workspace\Debug\startup_sam.o

.ARM.attributes
                0x00000000       0x35
 .ARM.attributes
                0x00000000       0x37 C:\Task4_Team4\BaseProject\BaseProject\workspace\Debug\dbg_console.o
 .ARM.attributes
                0x00000037       0x37 C:\Task4_Team4\BaseProject\BaseProject\workspace\Debug\board_lowlevel.o
 .ARM.attributes
                0x0000006e       0x37 C:\Task4_Team4\BaseProject\BaseProject\workspace\Debug\MemAlloc.o
 .ARM.attributes
                0x000000a5       0x37 C:\Task4_Team4\BaseProject\BaseProject\workspace\Debug\exceptions.o
 .ARM.attributes
                0x000000dc       0x37 C:\Task4_Team4\BaseProject\BaseProject\workspace\Debug\pio.o
 .ARM.attributes
                0x00000113       0x37 C:\Task4_Team4\BaseProject\BaseProject\workspace\Debug\mpu.o
 .ARM.attributes
                0x0000014a       0x37 C:\Task4_Team4\BaseProject\BaseProject\workspace\Debug\pmc.o
 .ARM.attributes
                0x00000181       0x37 C:\Task4_Team4\BaseProject\BaseProject\workspace\Debug\wdt.o
 .ARM.attributes
                0x000001b8       0x37 C:\Task4_Team4\BaseProject\BaseProject\workspace\Debug\pio_it.o
 .ARM.attributes
                0x000001ef       0x37 C:\Task4_Team4\BaseProject\BaseProject\workspace\Debug\mcan.o
 .ARM.attributes
                0x00000226       0x37 C:\Task4_Team4\BaseProject\BaseProject\workspace\Debug\syscalls.o
 .ARM.attributes
                0x0000025d       0x37 C:\Task4_Team4\BaseProject\BaseProject\workspace\Debug\system_sam.o
 .ARM.attributes
                0x00000294       0x37 C:\Task4_Team4\BaseProject\BaseProject\workspace\Debug\timetick.o
 .ARM.attributes
                0x000002cb       0x37 C:\Task4_Team4\BaseProject\BaseProject\workspace\Debug\app_scheduler.o
 .ARM.attributes
                0x00000302       0x37 C:\Task4_Team4\BaseProject\BaseProject\workspace\Debug\Tasks.o
 .ARM.attributes
                0x00000339       0x37 C:\Task4_Team4\BaseProject\BaseProject\workspace\Debug\cannm.o
 .ARM.attributes
                0x00000370       0x37 C:\Task4_Team4\BaseProject\BaseProject\workspace\Debug\led.o
 .ARM.attributes
                0x000003a7       0x37 C:\Task4_Team4\BaseProject\BaseProject\workspace\Debug\canif.o
 .ARM.attributes
                0x000003de       0x37 C:\Task4_Team4\BaseProject\BaseProject\workspace\Debug\canif_config.o
 .ARM.attributes
                0x00000415       0x37 C:\Task4_Team4\BaseProject\BaseProject\workspace\Debug\main.o
 .ARM.attributes
                0x0000044c       0x37 C:\Task4_Team4\BaseProject\BaseProject\workspace\Debug\startup_sam.o
 .ARM.attributes
                0x00000483       0x33 e:/isystem/winideaopen9/gcc/arm/bin/../lib/gcc/arm-none-eabi/4.9.3/../../../../arm-none-eabi/lib/cortex-m7\libc.a(lib_a-assert.o)
 .ARM.attributes
                0x000004b6       0x33 e:/isystem/winideaopen9/gcc/arm/bin/../lib/gcc/arm-none-eabi/4.9.3/../../../../arm-none-eabi/lib/cortex-m7\libc.a(lib_a-fiprintf.o)
 .ARM.attributes
                0x000004e9       0x33 e:/isystem/winideaopen9/gcc/arm/bin/../lib/gcc/arm-none-eabi/4.9.3/../../../../arm-none-eabi/lib/cortex-m7\libc.a(lib_a-impure.o)
 .ARM.attributes
                0x0000051c       0x21 e:/isystem/winideaopen9/gcc/arm/bin/../lib/gcc/arm-none-eabi/4.9.3/../../../../arm-none-eabi/lib/cortex-m7\libc.a(lib_a-memcpy.o)
 .ARM.attributes
                0x0000053d       0x33 e:/isystem/winideaopen9/gcc/arm/bin/../lib/gcc/arm-none-eabi/4.9.3/../../../../arm-none-eabi/lib/cortex-m7\libc.a(lib_a-printf.o)
 .ARM.attributes
                0x00000570       0x33 e:/isystem/winideaopen9/gcc/arm/bin/../lib/gcc/arm-none-eabi/4.9.3/../../../../arm-none-eabi/lib/cortex-m7\libc.a(lib_a-putchar.o)
 .ARM.attributes
                0x000005a3       0x33 e:/isystem/winideaopen9/gcc/arm/bin/../lib/gcc/arm-none-eabi/4.9.3/../../../../arm-none-eabi/lib/cortex-m7\libc.a(lib_a-setvbuf.o)
 .ARM.attributes
                0x000005d6       0x33 e:/isystem/winideaopen9/gcc/arm/bin/../lib/gcc/arm-none-eabi/4.9.3/../../../../arm-none-eabi/lib/cortex-m7\libc.a(lib_a-vfiprintf.o)
 .ARM.attributes
                0x00000609       0x33 e:/isystem/winideaopen9/gcc/arm/bin/../lib/gcc/arm-none-eabi/4.9.3/../../../../arm-none-eabi/lib/cortex-m7\libc.a(lib_a-vfprintf.o)
 .ARM.attributes
                0x0000063c       0x33 e:/isystem/winideaopen9/gcc/arm/bin/../lib/gcc/arm-none-eabi/4.9.3/../../../../arm-none-eabi/lib/cortex-m7\libc.a(lib_a-wsetup.o)
 .ARM.attributes
                0x0000066f       0x33 e:/isystem/winideaopen9/gcc/arm/bin/../lib/gcc/arm-none-eabi/4.9.3/../../../../arm-none-eabi/lib/cortex-m7\libc.a(lib_a-abort.o)
 .ARM.attributes
                0x000006a2       0x33 e:/isystem/winideaopen9/gcc/arm/bin/../lib/gcc/arm-none-eabi/4.9.3/../../../../arm-none-eabi/lib/cortex-m7\libc.a(lib_a-dtoa.o)
 .ARM.attributes
                0x000006d5       0x33 e:/isystem/winideaopen9/gcc/arm/bin/../lib/gcc/arm-none-eabi/4.9.3/../../../../arm-none-eabi/lib/cortex-m7\libc.a(lib_a-fflush.o)
 .ARM.attributes
                0x00000708       0x33 e:/isystem/winideaopen9/gcc/arm/bin/../lib/gcc/arm-none-eabi/4.9.3/../../../../arm-none-eabi/lib/cortex-m7\libc.a(lib_a-findfp.o)
 .ARM.attributes
                0x0000073b       0x33 e:/isystem/winideaopen9/gcc/arm/bin/../lib/gcc/arm-none-eabi/4.9.3/../../../../arm-none-eabi/lib/cortex-m7\libc.a(lib_a-fputwc.o)
 .ARM.attributes
                0x0000076e       0x33 e:/isystem/winideaopen9/gcc/arm/bin/../lib/gcc/arm-none-eabi/4.9.3/../../../../arm-none-eabi/lib/cortex-m7\libc.a(lib_a-freer.o)
 .ARM.attributes
                0x000007a1       0x33 e:/isystem/winideaopen9/gcc/arm/bin/../lib/gcc/arm-none-eabi/4.9.3/../../../../arm-none-eabi/lib/cortex-m7\libc.a(lib_a-fvwrite.o)
 .ARM.attributes
                0x000007d4       0x33 e:/isystem/winideaopen9/gcc/arm/bin/../lib/gcc/arm-none-eabi/4.9.3/../../../../arm-none-eabi/lib/cortex-m7\libc.a(lib_a-fwalk.o)
 .ARM.attributes
                0x00000807       0x33 e:/isystem/winideaopen9/gcc/arm/bin/../lib/gcc/arm-none-eabi/4.9.3/../../../../arm-none-eabi/lib/cortex-m7\libc.a(lib_a-locale.o)
 .ARM.attributes
                0x0000083a       0x33 e:/isystem/winideaopen9/gcc/arm/bin/../lib/gcc/arm-none-eabi/4.9.3/../../../../arm-none-eabi/lib/cortex-m7\libc.a(lib_a-makebuf.o)
 .ARM.attributes
                0x0000086d       0x33 e:/isystem/winideaopen9/gcc/arm/bin/../lib/gcc/arm-none-eabi/4.9.3/../../../../arm-none-eabi/lib/cortex-m7\libc.a(lib_a-malloc.o)
 .ARM.attributes
                0x000008a0       0x33 e:/isystem/winideaopen9/gcc/arm/bin/../lib/gcc/arm-none-eabi/4.9.3/../../../../arm-none-eabi/lib/cortex-m7\libc.a(lib_a-mallocr.o)
 .ARM.attributes
                0x000008d3       0x33 e:/isystem/winideaopen9/gcc/arm/bin/../lib/gcc/arm-none-eabi/4.9.3/../../../../arm-none-eabi/lib/cortex-m7\libc.a(lib_a-memchr.o)
 .ARM.attributes
                0x00000906       0x33 e:/isystem/winideaopen9/gcc/arm/bin/../lib/gcc/arm-none-eabi/4.9.3/../../../../arm-none-eabi/lib/cortex-m7\libc.a(lib_a-memmove.o)
 .ARM.attributes
                0x00000939       0x33 e:/isystem/winideaopen9/gcc/arm/bin/../lib/gcc/arm-none-eabi/4.9.3/../../../../arm-none-eabi/lib/cortex-m7\libc.a(lib_a-memset.o)
 .ARM.attributes
                0x0000096c       0x33 e:/isystem/winideaopen9/gcc/arm/bin/../lib/gcc/arm-none-eabi/4.9.3/../../../../arm-none-eabi/lib/cortex-m7\libc.a(lib_a-mlock.o)
 .ARM.attributes
                0x0000099f       0x33 e:/isystem/winideaopen9/gcc/arm/bin/../lib/gcc/arm-none-eabi/4.9.3/../../../../arm-none-eabi/lib/cortex-m7\libc.a(lib_a-mprec.o)
 .ARM.attributes
                0x000009d2       0x33 e:/isystem/winideaopen9/gcc/arm/bin/../lib/gcc/arm-none-eabi/4.9.3/../../../../arm-none-eabi/lib/cortex-m7\libc.a(lib_a-putc.o)
 .ARM.attributes
                0x00000a05       0x33 e:/isystem/winideaopen9/gcc/arm/bin/../lib/gcc/arm-none-eabi/4.9.3/../../../../arm-none-eabi/lib/cortex-m7\libc.a(lib_a-reallocr.o)
 .ARM.attributes
                0x00000a38       0x33 e:/isystem/winideaopen9/gcc/arm/bin/../lib/gcc/arm-none-eabi/4.9.3/../../../../arm-none-eabi/lib/cortex-m7\libc.a(lib_a-s_fpclassify.o)
 .ARM.attributes
                0x00000a6b       0x33 e:/isystem/winideaopen9/gcc/arm/bin/../lib/gcc/arm-none-eabi/4.9.3/../../../../arm-none-eabi/lib/cortex-m7\libc.a(lib_a-sbrkr.o)
 .ARM.attributes
                0x00000a9e       0x33 e:/isystem/winideaopen9/gcc/arm/bin/../lib/gcc/arm-none-eabi/4.9.3/../../../../arm-none-eabi/lib/cortex-m7\libc.a(lib_a-signal.o)
 .ARM.attributes
                0x00000ad1       0x33 e:/isystem/winideaopen9/gcc/arm/bin/../lib/gcc/arm-none-eabi/4.9.3/../../../../arm-none-eabi/lib/cortex-m7\libc.a(lib_a-signalr.o)
 .ARM.attributes